Archive member included to satisfy reference by file (symbol)

/Applications/ARM/bin/../lib/gcc/arm-none-eabi/13.2.1/thumb/v6-m/nofp/libgcc.a(_dvmd_tls.o)
                              CMakeFiles/macropad.dir/Users/aryachakrabarti/Desktop/pico-sdk/src/rp2_common/pico_divider/divider_hardware.S.o (__aeabi_idiv0)
/Applications/ARM/bin/../lib/gcc/arm-none-eabi/13.2.1/../../../../arm-none-eabi/lib/thumb/v6-m/nofp/libg.a(libc_a-calloc.o)
                              CMakeFiles/macropad.dir/Users/aryachakrabarti/Desktop/pico-sdk/src/rp2_common/pico_malloc/malloc.c.o (calloc)
/Applications/ARM/bin/../lib/gcc/arm-none-eabi/13.2.1/../../../../arm-none-eabi/lib/thumb/v6-m/nofp/libg.a(libc_a-callocr.o)
                              /Applications/ARM/bin/../lib/gcc/arm-none-eabi/13.2.1/../../../../arm-none-eabi/lib/thumb/v6-m/nofp/libg.a(libc_a-calloc.o) (_calloc_r)
/Applications/ARM/bin/../lib/gcc/arm-none-eabi/13.2.1/../../../../arm-none-eabi/lib/thumb/v6-m/nofp/libg.a(libc_a-malloc.o)
                              CMakeFiles/macropad.dir/Users/aryachakrabarti/Desktop/pico-sdk/src/rp2_common/pico_malloc/malloc.c.o (malloc)
/Applications/ARM/bin/../lib/gcc/arm-none-eabi/13.2.1/../../../../arm-none-eabi/lib/thumb/v6-m/nofp/libg.a(libc_a-mallocr.o)
                              /Applications/ARM/bin/../lib/gcc/arm-none-eabi/13.2.1/../../../../arm-none-eabi/lib/thumb/v6-m/nofp/libg.a(libc_a-callocr.o) (_malloc_r)
/Applications/ARM/bin/../lib/gcc/arm-none-eabi/13.2.1/../../../../arm-none-eabi/lib/thumb/v6-m/nofp/libg.a(libc_a-mlock.o)
                              /Applications/ARM/bin/../lib/gcc/arm-none-eabi/13.2.1/../../../../arm-none-eabi/lib/thumb/v6-m/nofp/libg.a(libc_a-mallocr.o) (__malloc_lock)
/Applications/ARM/bin/../lib/gcc/arm-none-eabi/13.2.1/../../../../arm-none-eabi/lib/thumb/v6-m/nofp/libg.a(libc_a-realloc.o)
                              CMakeFiles/macropad.dir/Users/aryachakrabarti/Desktop/pico-sdk/src/rp2_common/pico_malloc/malloc.c.o (realloc)
/Applications/ARM/bin/../lib/gcc/arm-none-eabi/13.2.1/../../../../arm-none-eabi/lib/thumb/v6-m/nofp/libg.a(libc_a-reallocr.o)
                              /Applications/ARM/bin/../lib/gcc/arm-none-eabi/13.2.1/../../../../arm-none-eabi/lib/thumb/v6-m/nofp/libg.a(libc_a-realloc.o) (_realloc_r)
/Applications/ARM/bin/../lib/gcc/arm-none-eabi/13.2.1/../../../../arm-none-eabi/lib/thumb/v6-m/nofp/libg.a(libc_a-memcmp.o)
                              CMakeFiles/macropad.dir/Users/aryachakrabarti/Desktop/pico-sdk/src/rp2_common/pico_atomic/atomic.c.o (memcmp)
/Applications/ARM/bin/../lib/gcc/arm-none-eabi/13.2.1/../../../../arm-none-eabi/lib/thumb/v6-m/nofp/libg.a(libc_a-memmove.o)
                              /Applications/ARM/bin/../lib/gcc/arm-none-eabi/13.2.1/../../../../arm-none-eabi/lib/thumb/v6-m/nofp/libg.a(libc_a-reallocr.o) (memmove)
/Applications/ARM/bin/../lib/gcc/arm-none-eabi/13.2.1/../../../../arm-none-eabi/lib/thumb/v6-m/nofp/libg.a(libc_a-lcltime_r.o)
                              CMakeFiles/macropad.dir/Users/aryachakrabarti/Desktop/pico-sdk/src/common/pico_util/datetime.c.o (localtime_r)
/Applications/ARM/bin/../lib/gcc/arm-none-eabi/13.2.1/../../../../arm-none-eabi/lib/thumb/v6-m/nofp/libg.a(libc_a-mktime.o)
                              CMakeFiles/macropad.dir/Users/aryachakrabarti/Desktop/pico-sdk/src/common/pico_util/datetime.c.o (mktime)
/Applications/ARM/bin/../lib/gcc/arm-none-eabi/13.2.1/../../../../arm-none-eabi/lib/thumb/v6-m/nofp/libg.a(libc_a-month_lengths.o)
                              /Applications/ARM/bin/../lib/gcc/arm-none-eabi/13.2.1/../../../../arm-none-eabi/lib/thumb/v6-m/nofp/libg.a(libc_a-lcltime_r.o) (__month_lengths)
/Applications/ARM/bin/../lib/gcc/arm-none-eabi/13.2.1/../../../../arm-none-eabi/lib/thumb/v6-m/nofp/libg.a(libc_a-tzcalc_limits.o)
                              /Applications/ARM/bin/../lib/gcc/arm-none-eabi/13.2.1/../../../../arm-none-eabi/lib/thumb/v6-m/nofp/libg.a(libc_a-lcltime_r.o) (__tzcalc_limits)
/Applications/ARM/bin/../lib/gcc/arm-none-eabi/13.2.1/../../../../arm-none-eabi/lib/thumb/v6-m/nofp/libg.a(libc_a-tzlock.o)
                              /Applications/ARM/bin/../lib/gcc/arm-none-eabi/13.2.1/../../../../arm-none-eabi/lib/thumb/v6-m/nofp/libg.a(libc_a-lcltime_r.o) (__tz_lock)
/Applications/ARM/bin/../lib/gcc/arm-none-eabi/13.2.1/../../../../arm-none-eabi/lib/thumb/v6-m/nofp/libg.a(libc_a-tzset.o)
                              /Applications/ARM/bin/../lib/gcc/arm-none-eabi/13.2.1/../../../../arm-none-eabi/lib/thumb/v6-m/nofp/libg.a(libc_a-lcltime_r.o) (_tzset_unlocked)
/Applications/ARM/bin/../lib/gcc/arm-none-eabi/13.2.1/../../../../arm-none-eabi/lib/thumb/v6-m/nofp/libg.a(libc_a-tzset_r.o)
                              /Applications/ARM/bin/../lib/gcc/arm-none-eabi/13.2.1/../../../../arm-none-eabi/lib/thumb/v6-m/nofp/libg.a(libc_a-tzset.o) (_tzset_unlocked_r)
/Applications/ARM/bin/../lib/gcc/arm-none-eabi/13.2.1/../../../../arm-none-eabi/lib/thumb/v6-m/nofp/libg.a(libc_a-tzvars.o)
[...]
Memory Configuration

Name             Origin             Length             Attributes
FLASH            0x10000000         0x00200000         xr
RAM              0x20000000         0x00040000         xrw
SCRATCH_X        0x20040000         0x00001000         xrw
SCRATCH_Y        0x20041000         0x00001000         xrw
*default*        0x00000000         0xffffffff

Linker script and memory map

LOAD /Applications/ARM/bin/../lib/gcc/arm-none-eabi/13.2.1/thumb/v6-m/nofp/crti.o
LOAD /Applications/ARM/bin/../lib/gcc/arm-none-eabi/13.2.1/thumb/v6-m/nofp/crtbegin.o
LOAD /Applications/ARM/bin/../lib/gcc/arm-none-eabi/13.2.1/../../../../arm-none-eabi/lib/thumb/v6-m/nofp/crt0.o

.flash_begin    0x10000000        0x0
                0x10000000                        __flash_binary_start = .

.boot2          0x10000000      0x100
                0x10000000                        __boot2_start__ = .
 *(.boot2)
 .boot2         0x10000000      0x100 pico-sdk/src/rp2040/boot_stage2/CMakeFiles/bs2_default_library.dir/bs2_default_padded_checksummed.S.o
                0x10000100                        __boot2_end__ = .
                0x00000001                        ASSERT (((__boot2_end__ - __boot2_start__) == 0x100), ERROR: Pico second stage bootloader must be 256 bytes in size)

.text           0x10000100     0x4b50
                0x10000100                        __logical_binary_start = .
 *(.vectors)
 .vectors       0x10000100       0xd4 CMakeFiles/macropad.dir/Users/aryachakrabarti/Desktop/pico-sdk/src/rp2_common/pico_crt0/crt0.S.o
                0x10000100                __VECTOR_TABLE
                0x10000100                __vectors
                0x100001c0                isr_irq13
                0x100001c0                isr_irq27
                0x100001c0                isr_irq31
                0x100001c0                isr_irq5
                0x100001c0                isr_irq11
                0x100001c0                isr_irq23
                0x100001c0                isr_irq18
                0x100001c0                isr_irq9
                0x100001c0                __unhandled_user_irq
                0x100001c0                isr_irq25
                0x100001c0                isr_irq4
                0x100001c0                isr_irq16
                0x100001c0                isr_irq29
                0x100001c0                isr_irq26
                0x100001c0                isr_irq3
                0x100001c0                isr_irq12
                0x100001c0                isr_irq30
                0x100001c0                isr_irq28
                0x100001c0                isr_irq19
                0x100001c0                isr_irq0
                0x100001c0                isr_irq6
                0x100001c0                isr_irq22
                0x100001c0                isr_irq17
                0x100001c0                isr_irq14
                0x100001c0                __vectors_end
                0x100001c0                __default_isrs_start
                0x100001c0                isr_irq2
                0x100001c0                isr_irq10
                0x100001c0                isr_irq8
                0x100001c0                isr_irq24
                0x100001c0                isr_irq1
                0x100001c0                isr_irq7
                0x100001c0                isr_irq21
                0x100001c0                isr_irq20
                0x100001c0                isr_irq15
                0x100001c6                unhandled_user_irq_num_in_r0
                0x100001c8                isr_invalid
                0x100001ca                isr_nmi
                0x100001cc                isr_hardfault
                0x100001ce                isr_svcall
                0x100001d0                isr_pendsv
                0x100001d2                isr_systick
                0x100001d4                __default_isrs_end
 *(.binary_info_header)
 .binary_info_header
                0x100001d4       0x14 CMakeFiles/macropad.dir/Users/aryachakrabarti/Desktop/pico-sdk/src/rp2_common/pico_crt0/crt0.S.o
                0x100001e8                        __binary_info_header_end = .
 *(.embedded_block)
                0x100001e8                        __embedded_block_end = .
 *(.reset)
 .reset         0x100001e8       0x9c CMakeFiles/macropad.dir/Users/aryachakrabarti/Desktop/pico-sdk/src/rp2_common/pico_crt0/crt0.S.o
                0x100001e8                _entry_point
 *(.init)
 .init          0x10000284        0x4 /Applications/ARM/bin/../lib/gcc/arm-none-eabi/13.2.1/thumb/v6-m/nofp/crti.o
                0x10000284                _init
 *(EXCLUDE_FILE(*libm.a: *libc.a:*lib_a-mem*.o *libgcc.a:) .text*)
 .text.register_tm_clones
                0x10000288       0x28 /Applications/ARM/bin/../lib/gcc/arm-none-eabi/13.2.1/thumb/v6-m/nofp/crtbegin.o
 .text.frame_dummy
                0x100002b0       0x24 /Applications/ARM/bin/../lib/gcc/arm-none-eabi/13.2.1/thumb/v6-m/nofp/crtbegin.o
 .text.update_display
                0x100002d4       0x34 CMakeFiles/macropad.dir/src/main.c.o
                0x100002d4                update_display
 .text.startup.main
                0x10000308      0x11c CMakeFiles/macropad.dir/src/main.c.o
                0x10000308                main
 .text.matrix_init
                0x10000424       0x60 CMakeFiles/macropad.dir/src/matrix.c.o
                0x10000424                matrix_init
 .text.matrix_scan
                0x10000484      0x184 CMakeFiles/macropad.dir/src/matrix.c.o
                0x10000484                matrix_scan
 .text.matrix_key_pressed
                0x10000608       0x28 CMakeFiles/macropad.dir/src/matrix.c.o
                0x10000608                matrix_key_pressed
 .text.matrix_key_released
                0x10000630       0x28 CMakeFiles/macropad.dir/src/matrix.c.o
                0x10000630                matrix_key_released
 .text.encoder_callback
                0x10000658       0x44 CMakeFiles/macropad.dir/src/encoder.c.o
 .text.encoder_init
                0x1000069c       0x50 CMakeFiles/macropad.dir/src/encoder.c.o
                0x1000069c                encoder_init
 .text.encoder_get_delta
                0x100006ec       0x20 CMakeFiles/macropad.dir/src/encoder.c.o
                0x100006ec                encoder_get_delta
 .text.i2c_write_byte.isra.0
                0x1000070c       0x80 CMakeFiles/macropad.dir/src/oled.c.o
 .text.oled_init
                0x1000078c      0x7a8 CMakeFiles/macropad.dir/src/oled.c.o
                0x1000078c                oled_init
 .text.oled_update
                0x10000f34      0x190 CMakeFiles/macropad.dir/src/oled.c.o
                0x10000f34                oled_update
 .text.oled_draw_grid
                0x100010c4       0xfc CMakeFiles/macropad.dir/src/oled.c.o
                0x100010c4                oled_draw_grid
 .text.usb_hid_init
                0x100011c0        0xc CMakeFiles/macropad.dir/src/usb_hid.c.o
                0x100011c0                usb_hid_init
 .text.usb_hid_send_key
                0x100011cc       0x38 CMakeFiles/macropad.dir/src/usb_hid.c.o
                0x100011cc                usb_hid_send_key
 .text.usb_hid_release_all
                0x10001204       0x2c CMakeFiles/macropad.dir/src/usb_hid.c.o
                0x10001204                usb_hid_release_all
 .text.tud_hid_descriptor_report_cb
                0x10001230        0x8 CMakeFiles/macropad.dir/src/usb_hid.c.o
                0x10001230                tud_hid_descriptor_report_cb
 .text.tud_hid_get_report_cb
                0x10001238        0x4 CMakeFiles/macropad.dir/src/usb_hid.c.o
                0x10001238                tud_hid_get_report_cb
 .text.tud_hid_set_report_cb
                0x1000123c        0x4 CMakeFiles/macropad.dir/src/usb_hid.c.o
                0x1000123c                tud_hid_set_report_cb
 .text.tud_descriptor_device_cb
                0x10001240        0x8 CMakeFiles/macropad.dir/src/usb_descriptors.c.o
                0x10001240                tud_descriptor_device_cb
 .text.tud_descriptor_configuration_cb
                0x10001248        0x8 CMakeFiles/macropad.dir/src/usb_descriptors.c.o
                0x10001248                tud_descriptor_configuration_cb
 .text.tud_descriptor_string_cb
                0x10001250       0x70 CMakeFiles/macropad.dir/src/usb_descriptors.c.o
                0x10001250                tud_descriptor_string_cb
 .text.gpio_default_irq_handler
                0x100012c0      0x274 CMakeFiles/macropad.dir/Users/aryachakrabarti/Desktop/pico-sdk/src/rp2_common/hardware_gpio/gpio.c.o
 .text.gpio_set_pulls
                0x10001534       0x28 CMakeFiles/macropad.dir/Users/aryachakrabarti/Desktop/pico-sdk/src/rp2_common/hardware_gpio/gpio.c.o
                0x10001534                gpio_set_pulls
 .text.gpio_set_irq_enabled
                0x1000155c       0x58 CMakeFiles/macropad.dir/Users/aryachakrabarti/Desktop/pico-sdk/src/rp2_common/hardware_gpio/gpio.c.o
                0x1000155c                gpio_set_irq_enabled
 .text.gpio_set_irq_enabled_with_callback
                0x100015b4       0xd0 CMakeFiles/macropad.dir/Users/aryachakrabarti/Desktop/pico-sdk/src/rp2_common/hardware_gpio/gpio.c.o
                0x100015b4                gpio_set_irq_enabled_with_callback
 .text.gpio_init
                0x10001684       0x40 CMakeFiles/macropad.dir/Users/aryachakrabarti/Desktop/pico-sdk/src/rp2_common/hardware_gpio/gpio.c.o
                0x10001684                gpio_init
 .text.rp2040_chip_version
                0x100016c4        0xc CMakeFiles/macropad.dir/Users/aryachakrabarti/Desktop/pico-sdk/src/rp2040/pico_platform/platform.c.o
                0x100016c4                rp2040_chip_version
 .text.panic    0x100016d0       0x30 CMakeFiles/macropad.dir/Users/aryachakrabarti/Desktop/pico-sdk/src/rp2_common/pico_platform_panic/panic.c.o
                0x100016d0                panic
 .text.hw_claim_or_assert
                0x10001700       0x44 CMakeFiles/macropad.dir/Users/aryachakrabarti/Desktop/pico-sdk/src/common/hardware_claim/claim.c.o
                0x10001700                hw_claim_or_assert
 .text.hw_claim_unused_from_range
                0x10001744       0x9c CMakeFiles/macropad.dir/Users/aryachakrabarti/Desktop/pico-sdk/src/common/hardware_claim/claim.c.o
                0x10001744                hw_claim_unused_from_range
 .text.next_striped_spin_lock_num
                0x100017e0       0x18 CMakeFiles/macropad.dir/Users/aryachakrabarti/Desktop/pico-sdk/src/rp2_common/hardware_sync/sync.c.o
                0x100017e0                next_striped_spin_lock_num
 .text.spin_lock_claim_unused
                0x100017f8       0x24 CMakeFiles/macropad.dir/Users/aryachakrabarti/Desktop/pico-sdk/src/rp2_common/hardware_sync/sync.c.o
                0x100017f8                spin_lock_claim_unused
 .text.spin_locks_reset
                0x1000181c       0x1c CMakeFiles/macropad.dir/Users/aryachakrabarti/Desktop/pico-sdk/src/rp2_common/hardware_sync_spin_lock/sync_spin_lock.c.o
                0x1000181c                spin_locks_reset
 .text.runtime_init_per_core_irq_priorities
                0x10001838       0x24 CMakeFiles/macropad.dir/Users/aryachakrabarti/Desktop/pico-sdk/src/rp2_common/hardware_irq/irq.c.o
                0x10001838                runtime_init_per_core_irq_priorities
 .text.irq_set_enabled
                0x1000185c       0x24 CMakeFiles/macropad.dir/Users/aryachakrabarti/Desktop/pico-sdk/src/rp2_common/hardware_irq/irq.c.o
                0x1000185c                irq_set_enabled
 .text.irq_set_exclusive_handler
                0x10001880       0x54 CMakeFiles/macropad.dir/Users/aryachakrabarti/Desktop/pico-sdk/src/rp2_common/hardware_irq/irq.c.o
                0x10001880                irq_set_exclusive_handler
 .text.irq_add_shared_handler
                0x100018d4      0x1f4 CMakeFiles/macropad.dir/Users/aryachakrabarti/Desktop/pico-sdk/src/rp2_common/hardware_irq/irq.c.o
                0x100018d4                irq_add_shared_handler
 .text.irq_remove_handler
                0x10001ac8      0x1d4 CMakeFiles/macropad.dir/Users/aryachakrabarti/Desktop/pico-sdk/src/rp2_common/hardware_irq/irq.c.o
                0x10001ac8                irq_remove_handler
 .text.irq_add_tail_to_free_list
                0x10001c9c       0xb4 CMakeFiles/macropad.dir/Users/aryachakrabarti/Desktop/pico-sdk/src/rp2_common/hardware_irq/irq.c.o
                0x10001c9c                irq_add_tail_to_free_list
 .text.lock_init
                0x10001d50       0x10 CMakeFiles/macropad.dir/Users/aryachakrabarti/Desktop/pico-sdk/src/common/pico_sync/lock_core.c.o
                0x10001d50                lock_init
 .text.runtime_init_mutex
                0x10001d60       0x50 CMakeFiles/macropad.dir/Users/aryachakrabarti/Desktop/pico-sdk/src/common/pico_sync/mutex.c.o
                0x10001d60                runtime_init_mutex
 .text.mutex_init
                0x10001db0       0x1c CMakeFiles/macropad.dir/Users/aryachakrabarti/Desktop/pico-sdk/src/common/pico_sync/mutex.c.o
                0x10001db0                mutex_init
 .text.critical_section_init
                0x10001dcc       0x1c CMakeFiles/macropad.dir/Users/aryachakrabarti/Desktop/pico-sdk/src/common/pico_sync/critical_section.c.o
                0x10001dcc                critical_section_init
 .text.sleep_until_callback
                0x10001de8       0x30 CMakeFiles/macropad.dir/Users/aryachakrabarti/Desktop/pico-sdk/src/common/pico_time/time.c.o
 .text.alarm_pool_irq_handler
                0x10001e18      0x2fc CMakeFiles/macropad.dir/Users/aryachakrabarti/Desktop/pico-sdk/src/common/pico_time/time.c.o
 .text.runtime_init_default_alarm_pool
                0x10002114       0xdc CMakeFiles/macropad.dir/Users/aryachakrabarti/Desktop/pico-sdk/src/common/pico_time/time.c.o
                0x10002114                runtime_init_default_alarm_pool
 .text.alarm_pool_add_alarm_at_force_in_context
                0x100021f0       0xb0 CMakeFiles/macropad.dir/Users/aryachakrabarti/Desktop/pico-sdk/src/common/pico_time/time.c.o
                0x100021f0                alarm_pool_add_alarm_at_force_in_context
 .text.alarm_pool_cancel_alarm
                0x100022a0       0x74 CMakeFiles/macropad.dir/Users/aryachakrabarti/Desktop/pico-sdk/src/common/pico_time/time.c.o
                0x100022a0                alarm_pool_cancel_alarm
 .text.sleep_until
                0x10002314       0xd8 CMakeFiles/macropad.dir/Users/aryachakrabarti/Desktop/pico-sdk/src/common/pico_time/time.c.o
                0x10002314                sleep_until
 .text.sleep_us
                0x100023ec       0x28 CMakeFiles/macropad.dir/Users/aryachakrabarti/Desktop/pico-sdk/src/common/pico_time/time.c.o
                0x100023ec                sleep_us
 .text.sleep_ms
                0x10002414       0x38 CMakeFiles/macropad.dir/Users/aryachakrabarti/Desktop/pico-sdk/src/common/pico_time/time.c.o
                0x10002414                sleep_ms
 .text.best_effort_wfe_or_timeout
                0x1000244c       0xf8 CMakeFiles/macropad.dir/Users/aryachakrabarti/Desktop/pico-sdk/src/common/pico_time/time.c.o
                0x1000244c                best_effort_wfe_or_timeout
 .text.timer_hardware_alarm_claim
                0x10002544       0x14 CMakeFiles/macropad.dir/Users/aryachakrabarti/Desktop/pico-sdk/src/rp2_common/hardware_timer/timer.c.o
                0x10002544                timer_hardware_alarm_claim
 .text.timer_time_us_64
                0x10002558       0x10 CMakeFiles/macropad.dir/Users/aryachakrabarti/Desktop/pico-sdk/src/rp2_common/hardware_timer/timer.c.o
                0x10002558                timer_time_us_64
 .text.time_us_64
                0x10002568       0x14 CMakeFiles/macropad.dir/Users/aryachakrabarti/Desktop/pico-sdk/src/rp2_common/hardware_timer/timer.c.o
                0x10002568                time_us_64
 .text.busy_wait_until
                0x1000257c       0x20 CMakeFiles/macropad.dir/Users/aryachakrabarti/Desktop/pico-sdk/src/rp2_common/hardware_timer/timer.c.o
                0x1000257c                busy_wait_until
 .text.clock_configure_int_divider
                0x1000259c       0xf4 CMakeFiles/macropad.dir/Users/aryachakrabarti/Desktop/pico-sdk/src/rp2_common/hardware_clocks/clocks.c.o
                0x1000259c                clock_configure_int_divider
 .text.clock_configure_undivided
                0x10002690       0xe8 CMakeFiles/macropad.dir/Users/aryachakrabarti/Desktop/pico-sdk/src/rp2_common/hardware_clocks/clocks.c.o
                0x10002690                clock_configure_undivided
 .text.clock_get_hz
                0x10002778        0xc CMakeFiles/macropad.dir/Users/aryachakrabarti/Desktop/pico-sdk/src/rp2_common/hardware_clocks/clocks.c.o
                0x10002778                clock_get_hz
 .text.pll_init
                0x10002784       0xa4 CMakeFiles/macropad.dir/Users/aryachakrabarti/Desktop/pico-sdk/src/rp2_common/hardware_pll/pll.c.o
                0x10002784                pll_init
 .text.tick_start
                0x10002828       0x10 CMakeFiles/macropad.dir/Users/aryachakrabarti/Desktop/pico-sdk/src/rp2_common/hardware_ticks/ticks.c.o
                0x10002828                tick_start
 .text.rom_func_lookup
                0x10002838       0x10 CMakeFiles/macropad.dir/Users/aryachakrabarti/Desktop/pico-sdk/src/rp2_common/pico_bootrom/bootrom.c.o
                0x10002838                rom_func_lookup
 .text.rom_data_lookup
                0x10002848       0x10 CMakeFiles/macropad.dir/Users/aryachakrabarti/Desktop/pico-sdk/src/rp2_common/pico_bootrom/bootrom.c.o
                0x10002848                rom_data_lookup
 .text.rom_funcs_lookup
                0x10002858       0x44 CMakeFiles/macropad.dir/Users/aryachakrabarti/Desktop/pico-sdk/src/rp2_common/pico_bootrom/bootrom.c.o
                0x10002858                rom_funcs_lookup
 .text.xosc_init
                0x1000289c       0x28 CMakeFiles/macropad.dir/Users/aryachakrabarti/Desktop/pico-sdk/src/rp2_common/hardware_xosc/xosc.c.o
                0x1000289c                xosc_init
 .text.first_per_core_initializer
                0x100028c4        0x4 CMakeFiles/macropad.dir/Users/aryachakrabarti/Desktop/pico-sdk/src/rp2_common/pico_runtime/runtime.c.o
 .text.hard_assertion_failure
                0x100028c8        0xc CMakeFiles/macropad.dir/Users/aryachakrabarti/Desktop/pico-sdk/src/rp2_common/pico_runtime/runtime.c.o
                0x100028c8                hard_assertion_failure
 .text.runtime_run_initializers
                0x100028d4       0x28 CMakeFiles/macropad.dir/Users/aryachakrabarti/Desktop/pico-sdk/src/rp2_common/pico_runtime/runtime.c.o
                0x100028d4                runtime_run_initializers
 .text.runtime_init_early_resets
                0x100028fc       0x2c CMakeFiles/macropad.dir/Users/aryachakrabarti/Desktop/pico-sdk/src/rp2_common/pico_runtime_init/runtime_init.c.o
                0x100028fc                runtime_init_early_resets
 .text.runtime_init_usb_power_down
                0x10002928       0x1c CMakeFiles/macropad.dir/Users/aryachakrabarti/Desktop/pico-sdk/src/rp2_common/pico_runtime_init/runtime_init.c.o
                0x10002928                runtime_init_usb_power_down
 .text.runtime_init_post_clock_resets
                0x10002944       0x20 CMakeFiles/macropad.dir/Users/aryachakrabarti/Desktop/pico-sdk/src/rp2_common/pico_runtime_init/runtime_init.c.o
                0x10002944                runtime_init_post_clock_resets
 .text.runtime_init_rp2040_gpio_ie_disable
                0x10002964       0x14 CMakeFiles/macropad.dir/Users/aryachakrabarti/Desktop/pico-sdk/src/rp2_common/pico_runtime_init/runtime_init.c.o
                0x10002964                runtime_init_rp2040_gpio_ie_disable
 .text.runtime_init_spin_locks_reset
                0x10002978        0x8 CMakeFiles/macropad.dir/Users/aryachakrabarti/Desktop/pico-sdk/src/rp2_common/pico_runtime_init/runtime_init.c.o
                0x10002978                runtime_init_spin_locks_reset
 .text.runtime_init_install_ram_vector_table
                0x10002980       0xb4 CMakeFiles/macropad.dir/Users/aryachakrabarti/Desktop/pico-sdk/src/rp2_common/pico_runtime_init/runtime_init.c.o
                0x10002980                runtime_init_install_ram_vector_table
 .text.runtime_init_clocks
                0x10002a34       0xd8 CMakeFiles/macropad.dir/Users/aryachakrabarti/Desktop/pico-sdk/src/rp2_common/pico_runtime_init/runtime_init_clocks.c.o
                0x10002a34                runtime_init_clocks
 .text          0x10002b0c       0x10 CMakeFiles/macropad.dir/Users/aryachakrabarti/Desktop/pico-sdk/src/rp2_common/pico_bit_ops/bit_ops_aeabi.S.o
 .text.__wrap___aeabi_idiv
                0x10002b1c       0x50 CMakeFiles/macropad.dir/Users/aryachakrabarti/Desktop/pico-sdk/src/rp2_common/pico_divider/divider_hardware.S.o
                0x10002b1c                __wrap___aeabi_idivmod
                0x10002b1c                divmod_s32s32
                0x10002b1c                div_s32s32
                0x10002b1c                __wrap___aeabi_idiv
                0x10002b24                divmod_s32s32_unsafe
                0x10002b50                divmod_s32s32_savestate
 .text.__wrap___aeabi_uidiv
                0x10002b6c       0x4c CMakeFiles/macropad.dir/Users/aryachakrabarti/Desktop/pico-sdk/src/rp2_common/pico_divider/divider_hardware.S.o
                0x10002b6c                __wrap___aeabi_uidiv
                0x10002b6c                __wrap___aeabi_uidivmod
                0x10002b6c                div_u32u32
                0x10002b6c                divmod_u32u32
                0x10002b74                divmod_u32u32_unsafe
                0x10002b9c                divmod_u32u32_savestate
 .text.__wrap___aeabi_ldiv
                0x10002bb8      0x424 CMakeFiles/macropad.dir/Users/aryachakrabarti/Desktop/pico-sdk/src/rp2_common/pico_divider/divider_hardware.S.o
                0x10002bb8                __wrap___aeabi_ldivmod
                0x10002bb8                div_s64s64
                0x10002bb8                divmod_s64s64
                0x10002be8                divmod_u64u64
                0x10002be8                div_u64u64
                0x10002be8                __wrap___aeabi_uldivmod
                0x10002bf8                divmod_u64u64_savestate
                0x10002c18                divmod_s64s64_unsafe
                0x10002ca0                divmod_u64u64_unsafe
 .text.__aeabi_double_init
                0x10002fdc       0xa4 CMakeFiles/macropad.dir/Users/aryachakrabarti/Desktop/pico-sdk/src/rp2_common/pico_double/double_init_rom_rp2040.c.o
                0x10002fdc                __aeabi_double_init
 .text.double_table_shim_on_use_helper
                0x10003080       0x2c CMakeFiles/macropad.dir/Users/aryachakrabarti/Desktop/pico-sdk/src/rp2_common/pico_double/double_v1_rom_shim_rp2040.S.o
                0x10003080                double_table_shim_on_use_helper
 .text.__aeabi_lmul
                0x100030ac       0x32 CMakeFiles/macropad.dir/Users/aryachakrabarti/Desktop/pico-sdk/src/rp2_common/pico_int64_ops/pico_int64_ops_aeabi.S.o
                0x100030ac                __wrap___aeabi_lmul
 *fill*         0x100030de        0x2 
 .text.__aeabi_float_init
                0x100030e0       0x64 CMakeFiles/macropad.dir/Users/aryachakrabarti/Desktop/pico-sdk/src/rp2_common/pico_float/float_init_rom_rp2040.c.o
                0x100030e0                __aeabi_float_init
 .text.float_table_shim_on_use_helper
                0x10003144       0x2c CMakeFiles/macropad.dir/Users/aryachakrabarti/Desktop/pico-sdk/src/rp2_common/pico_float/float_v1_rom_shim_rp2040.S.o
                0x10003144                float_table_shim_on_use_helper
 .text          0x10003170       0x10 CMakeFiles/macropad.dir/Users/aryachakrabarti/Desktop/pico-sdk/src/rp2_common/pico_mem_ops/mem_ops_aeabi.S.o
                0x10003170                __aeabi_mem_init
 .text.memset   0x10003180        0xc CMakeFiles/macropad.dir/Users/aryachakrabarti/Desktop/pico-sdk/src/rp2_common/pico_mem_ops/mem_ops_aeabi.S.o
                0x10003180                __wrap_memset
 .text.memcpy   0x1000318c        0xc CMakeFiles/macropad.dir/Users/aryachakrabarti/Desktop/pico-sdk/src/rp2_common/pico_mem_ops/mem_ops_aeabi.S.o
                0x1000318c                __wrap___aeabi_memcpy
                0x1000318c                __wrap_memcpy
 .text._out_char
                0x10003198       0x10 CMakeFiles/macropad.dir/Users/aryachakrabarti/Desktop/pico-sdk/src/rp2_common/pico_printf/printf.c.o
 .text.weak_raw_vprintf
                0x100031a8       0x30 CMakeFiles/macropad.dir/Users/aryachakrabarti/Desktop/pico-sdk/src/rp2_common/pico_printf/printf.c.o
                0x100031a8                weak_raw_vprintf
 .text._exit    0x100031d8        0x4 CMakeFiles/macropad.dir/Users/aryachakrabarti/Desktop/pico-sdk/src/rp2_common/pico_clib_interface/newlib_interface.c.o
                0x100031d8                _exit
 .text.exit     0x100031dc        0x8 CMakeFiles/macropad.dir/Users/aryachakrabarti/Desktop/pico-sdk/src/rp2_common/pico_clib_interface/newlib_interface.c.o
                0x100031dc                exit
 .text.runtime_init
                0x100031e4       0x2c CMakeFiles/macropad.dir/Users/aryachakrabarti/Desktop/pico-sdk/src/rp2_common/pico_clib_interface/newlib_interface.c.o
                0x100031e4                runtime_init
 .text.stdio_out_chars_no_crlf
                0x10003210       0x10 CMakeFiles/macropad.dir/Users/aryachakrabarti/Desktop/pico-sdk/src/rp2_common/pico_stdio/stdio.c.o
 .text.stdio_out_chars_crlf
                0x10003220       0x94 CMakeFiles/macropad.dir/Users/aryachakrabarti/Desktop/pico-sdk/src/rp2_common/pico_stdio/stdio.c.o
 .text.stdio_put_string
                0x100032b4      0x100 CMakeFiles/macropad.dir/Users/aryachakrabarti/Desktop/pico-sdk/src/rp2_common/pico_stdio/stdio.c.o
                0x100032b4                stdio_put_string
 .text.stdio_init_all
                0x100033b4        0x4 CMakeFiles/macropad.dir/Users/aryachakrabarti/Desktop/pico-sdk/src/rp2_common/pico_stdio/stdio.c.o
                0x100033b4                stdio_init_all
 .text.__wrap_putchar
                0x100033b8       0x98 CMakeFiles/macropad.dir/Users/aryachakrabarti/Desktop/pico-sdk/src/rp2_common/pico_stdio/stdio.c.o
                0x100033b8                stdio_putchar
                0x100033b8                __wrap_putchar
 .text.__wrap_puts
                0x10003450       0x3c CMakeFiles/macropad.dir/Users/aryachakrabarti/Desktop/pico-sdk/src/rp2_common/pico_stdio/stdio.c.o
                0x10003450                __wrap_puts
                0x10003450                stdio_puts
 .text.dcd_init
                0x1000348c       0x90 CMakeFiles/macropad.dir/Users/aryachakrabarti/Desktop/pico-sdk/lib/tinyusb/src/portable/raspberrypi/rp2040/dcd_rp2040.c.o
                0x1000348c                dcd_init
 .text.dcd_int_enable
                0x1000351c        0xc CMakeFiles/macropad.dir/Users/aryachakrabarti/Desktop/pico-sdk/lib/tinyusb/src/portable/raspberrypi/rp2040/dcd_rp2040.c.o
                0x1000351c                dcd_int_enable
 .text.dcd_set_address
                0x10003528       0x14 CMakeFiles/macropad.dir/Users/aryachakrabarti/Desktop/pico-sdk/lib/tinyusb/src/portable/raspberrypi/rp2040/dcd_rp2040.c.o
                0x10003528                dcd_set_address
 .text.dcd_sof_enable
                0x1000353c       0x1c CMakeFiles/macropad.dir/Users/aryachakrabarti/Desktop/pico-sdk/lib/tinyusb/src/portable/raspberrypi/rp2040/dcd_rp2040.c.o
                0x1000353c                dcd_sof_enable
 .text.dcd_edpt0_status_complete
                0x10003558       0x1c CMakeFiles/macropad.dir/Users/aryachakrabarti/Desktop/pico-sdk/lib/tinyusb/src/portable/raspberrypi/rp2040/dcd_rp2040.c.o
                0x10003558                dcd_edpt0_status_complete
 .text.dcd_edpt_open
                0x10003574      0x114 CMakeFiles/macropad.dir/Users/aryachakrabarti/Desktop/pico-sdk/lib/tinyusb/src/portable/raspberrypi/rp2040/dcd_rp2040.c.o
                0x10003574                dcd_edpt_open
 .text.dcd_edpt_close_all
                0x10003688        0x8 CMakeFiles/macropad.dir/Users/aryachakrabarti/Desktop/pico-sdk/lib/tinyusb/src/portable/raspberrypi/rp2040/dcd_rp2040.c.o
                0x10003688                dcd_edpt_close_all
 .text.dcd_edpt_xfer
                0x10003690       0x24 CMakeFiles/macropad.dir/Users/aryachakrabarti/Desktop/pico-sdk/lib/tinyusb/src/portable/raspberrypi/rp2040/dcd_rp2040.c.o
                0x10003690                dcd_edpt_xfer
 .text.dcd_edpt_stall
                0x100036b4       0x34 CMakeFiles/macropad.dir/Users/aryachakrabarti/Desktop/pico-sdk/lib/tinyusb/src/portable/raspberrypi/rp2040/dcd_rp2040.c.o
                0x100036b4                dcd_edpt_stall
 .text.dcd_edpt_clear_stall
                0x100036e8       0x30 CMakeFiles/macropad.dir/Users/aryachakrabarti/Desktop/pico-sdk/lib/tinyusb/src/portable/raspberrypi/rp2040/dcd_rp2040.c.o
                0x100036e8                dcd_edpt_clear_stall
 .text.rp2040_usb_init
                0x10003718       0x40 CMakeFiles/macropad.dir/Users/aryachakrabarti/Desktop/pico-sdk/lib/tinyusb/src/portable/raspberrypi/rp2040/rp2040_usb.c.o
                0x10003718                rp2040_usb_init
 .text.hw_endpoint_xfer_start
                0x10003758       0x40 CMakeFiles/macropad.dir/Users/aryachakrabarti/Desktop/pico-sdk/lib/tinyusb/src/portable/raspberrypi/rp2040/rp2040_usb.c.o
                0x10003758                hw_endpoint_xfer_start
 .text.tud_vendor_control_xfer_cb
                0x10003798        0x4 CMakeFiles/macropad.dir/Users/aryachakrabarti/Desktop/pico-sdk/lib/tinyusb/src/device/usbd.c.o
                0x10003798                tud_vendor_control_xfer_cb
 .text.tud_event_hook_cb
                0x1000379c        0x4 CMakeFiles/macropad.dir/Users/aryachakrabarti/Desktop/pico-sdk/lib/tinyusb/src/device/usbd.c.o
                0x1000379c                tud_event_hook_cb
 .text.tud_sof_cb
                0x100037a0        0x4 CMakeFiles/macropad.dir/Users/aryachakrabarti/Desktop/pico-sdk/lib/tinyusb/src/device/usbd.c.o
                0x100037a0                tud_sof_cb
 .text.tud_descriptor_bos_cb
                0x100037a4        0x4 CMakeFiles/macropad.dir/Users/aryachakrabarti/Desktop/pico-sdk/lib/tinyusb/src/device/usbd.c.o
                0x100037a4                tud_descriptor_bos_cb
 .text.tud_descriptor_device_qualifier_cb
                0x100037a8        0x4 CMakeFiles/macropad.dir/Users/aryachakrabarti/Desktop/pico-sdk/lib/tinyusb/src/device/usbd.c.o
                0x100037a8                tud_descriptor_device_qualifier_cb
 .text.tud_descriptor_other_speed_configuration_cb
                0x100037ac        0x4 CMakeFiles/macropad.dir/Users/aryachakrabarti/Desktop/pico-sdk/lib/tinyusb/src/device/usbd.c.o
                0x100037ac                tud_descriptor_other_speed_configuration_cb
 .text.tud_mount_cb
                0x100037b0        0x4 CMakeFiles/macropad.dir/Users/aryachakrabarti/Desktop/pico-sdk/lib/tinyusb/src/device/usbd.c.o
                0x100037b0                tud_mount_cb
 .text.tud_umount_cb
                0x100037b4        0x4 CMakeFiles/macropad.dir/Users/aryachakrabarti/Desktop/pico-sdk/lib/tinyusb/src/device/usbd.c.o
                0x100037b4                tud_umount_cb
 .text.tud_suspend_cb
                0x100037b8        0x4 CMakeFiles/macropad.dir/Users/aryachakrabarti/Desktop/pico-sdk/lib/tinyusb/src/device/usbd.c.o
                0x100037b8                tud_suspend_cb
 .text.tud_resume_cb
                0x100037bc        0x4 CMakeFiles/macropad.dir/Users/aryachakrabarti/Desktop/pico-sdk/lib/tinyusb/src/device/usbd.c.o
                0x100037bc                tud_resume_cb
 .text.tud_mounted
                0x100037c0       0x10 CMakeFiles/macropad.dir/Users/aryachakrabarti/Desktop/pico-sdk/lib/tinyusb/src/device/usbd.c.o
                0x100037c0                tud_mounted
 .text.tud_suspended
                0x100037d0       0x10 CMakeFiles/macropad.dir/Users/aryachakrabarti/Desktop/pico-sdk/lib/tinyusb/src/device/usbd.c.o
                0x100037d0                tud_suspended
 .text.tud_rhport_init
                0x100037e0       0xf4 CMakeFiles/macropad.dir/Users/aryachakrabarti/Desktop/pico-sdk/lib/tinyusb/src/device/usbd.c.o
                0x100037e0                tud_rhport_init
 .text.tud_task_ext
                0x100038d4      0x7c0 CMakeFiles/macropad.dir/Users/aryachakrabarti/Desktop/pico-sdk/lib/tinyusb/src/device/usbd.c.o
                0x100038d4                tud_task_ext
 .text.usbd_open_edpt_pair
                0x10004094       0x9c CMakeFiles/macropad.dir/Users/aryachakrabarti/Desktop/pico-sdk/lib/tinyusb/src/device/usbd.c.o
                0x10004094                usbd_open_edpt_pair
 .text.usbd_edpt_claim
                0x10004130       0x28 CMakeFiles/macropad.dir/Users/aryachakrabarti/Desktop/pico-sdk/lib/tinyusb/src/device/usbd.c.o
                0x10004130                usbd_edpt_claim
 .text.usbd_edpt_xfer
                0x10004158       0x4c CMakeFiles/macropad.dir/Users/aryachakrabarti/Desktop/pico-sdk/lib/tinyusb/src/device/usbd.c.o
                0x10004158                usbd_edpt_xfer
 .text.usbd_edpt_busy
                0x100041a4       0x1c CMakeFiles/macropad.dir/Users/aryachakrabarti/Desktop/pico-sdk/lib/tinyusb/src/device/usbd.c.o
                0x100041a4                usbd_edpt_busy
 .text.tud_control_status
                0x100041c0       0x2c CMakeFiles/macropad.dir/Users/aryachakrabarti/Desktop/pico-sdk/lib/tinyusb/src/device/usbd_control.c.o
                0x100041c0                tud_control_status
 .text.tud_control_xfer
                0x100041ec       0xac CMakeFiles/macropad.dir/Users/aryachakrabarti/Desktop/pico-sdk/lib/tinyusb/src/device/usbd_control.c.o
                0x100041ec                tud_control_xfer
 .text.usbd_control_reset
                0x10004298       0x14 CMakeFiles/macropad.dir/Users/aryachakrabarti/Desktop/pico-sdk/lib/tinyusb/src/device/usbd_control.c.o
                0x10004298                usbd_control_reset
 .text.usbd_control_set_complete_callback
                0x100042ac        0xc CMakeFiles/macropad.dir/Users/aryachakrabarti/Desktop/pico-sdk/lib/tinyusb/src/device/usbd_control.c.o
                0x100042ac                usbd_control_set_complete_callback
 .text.usbd_control_set_request
                0x100042b8       0x1c CMakeFiles/macropad.dir/Users/aryachakrabarti/Desktop/pico-sdk/lib/tinyusb/src/device/usbd_control.c.o
                0x100042b8                usbd_control_set_request
 .text.usbd_control_xfer_cb
                0x100042d4       0xec CMakeFiles/macropad.dir/Users/aryachakrabarti/Desktop/pico-sdk/lib/tinyusb/src/device/usbd_control.c.o
                0x100042d4                usbd_control_xfer_cb
 .text.tud_hid_set_protocol_cb
                0x100043c0        0x4 CMakeFiles/macropad.dir/Users/aryachakrabarti/Desktop/pico-sdk/lib/tinyusb/src/class/hid/hid_device.c.o
                0x100043c0                tud_hid_set_protocol_cb
 .text.tud_hid_set_idle_cb
                0x100043c4        0x4 CMakeFiles/macropad.dir/Users/aryachakrabarti/Desktop/pico-sdk/lib/tinyusb/src/class/hid/hid_device.c.o
                0x100043c4                tud_hid_set_idle_cb
 .text.tud_hid_report_complete_cb
                0x100043c8        0x4 CMakeFiles/macropad.dir/Users/aryachakrabarti/Desktop/pico-sdk/lib/tinyusb/src/class/hid/hid_device.c.o
                0x100043c8                tud_hid_report_complete_cb
 .text.tud_hid_report_failed_cb
                0x100043cc        0x4 CMakeFiles/macropad.dir/Users/aryachakrabarti/Desktop/pico-sdk/lib/tinyusb/src/class/hid/hid_device.c.o
                0x100043cc                tud_hid_report_failed_cb
 .text.tud_hid_n_ready
                0x100043d0       0x38 CMakeFiles/macropad.dir/Users/aryachakrabarti/Desktop/pico-sdk/lib/tinyusb/src/class/hid/hid_device.c.o
                0x100043d0                tud_hid_n_ready
 .text.tud_hid_n_keyboard_report
                0x10004408       0xac CMakeFiles/macropad.dir/Users/aryachakrabarti/Desktop/pico-sdk/lib/tinyusb/src/class/hid/hid_device.c.o
                0x10004408                tud_hid_n_keyboard_report
 .text.hidd_init
                0x100044b4       0x14 CMakeFiles/macropad.dir/Users/aryachakrabarti/Desktop/pico-sdk/lib/tinyusb/src/class/hid/hid_device.c.o
                0x100044b4                hidd_init
 .text.hidd_deinit
                0x100044c8        0x4 CMakeFiles/macropad.dir/Users/aryachakrabarti/Desktop/pico-sdk/lib/tinyusb/src/class/hid/hid_device.c.o
                0x100044c8                hidd_deinit
 .text.hidd_reset
                0x100044cc       0x14 CMakeFiles/macropad.dir/Users/aryachakrabarti/Desktop/pico-sdk/lib/tinyusb/src/class/hid/hid_device.c.o
                0x100044cc                hidd_reset
 .text.hidd_open
                0x100044e0       0xa8 CMakeFiles/macropad.dir/Users/aryachakrabarti/Desktop/pico-sdk/lib/tinyusb/src/class/hid/hid_device.c.o
                0x100044e0                hidd_open
 .text.hidd_control_xfer_cb
                0x10004588      0x218 CMakeFiles/macropad.dir/Users/aryachakrabarti/Desktop/pico-sdk/lib/tinyusb/src/class/hid/hid_device.c.o
                0x10004588                hidd_control_xfer_cb
 .text.hidd_xfer_cb
                0x100047a0       0xa4 CMakeFiles/macropad.dir/Users/aryachakrabarti/Desktop/pico-sdk/lib/tinyusb/src/class/hid/hid_device.c.o
                0x100047a0                hidd_xfer_cb
 .text.tusb_rhport_init
                0x10004844       0x48 CMakeFiles/macropad.dir/Users/aryachakrabarti/Desktop/pico-sdk/lib/tinyusb/src/tusb.c.o
                0x10004844                tusb_rhport_init
 .text.tu_edpt_claim
                0x1000488c       0x50 CMakeFiles/macropad.dir/Users/aryachakrabarti/Desktop/pico-sdk/lib/tinyusb/src/tusb.c.o
                0x1000488c                tu_edpt_claim
 .text.tu_edpt_validate
                0x100048dc       0x7c CMakeFiles/macropad.dir/Users/aryachakrabarti/Desktop/pico-sdk/lib/tinyusb/src/tusb.c.o
                0x100048dc                tu_edpt_validate
 .text.tu_edpt_bind_driver
                0x10004958       0x34 CMakeFiles/macropad.dir/Users/aryachakrabarti/Desktop/pico-sdk/lib/tinyusb/src/tusb.c.o
                0x10004958                tu_edpt_bind_driver
 .text.tu_fifo_read
                0x1000498c       0x9c CMakeFiles/macropad.dir/Users/aryachakrabarti/Desktop/pico-sdk/lib/tinyusb/src/common/tusb_fifo.c.o
                0x1000498c                tu_fifo_read
 .text.tu_fifo_write
                0x10004a28       0xa8 CMakeFiles/macropad.dir/Users/aryachakrabarti/Desktop/pico-sdk/lib/tinyusb/src/common/tusb_fifo.c.o
                0x10004a28                tu_fifo_write
 .text.tu_fifo_clear
                0x10004ad0       0x40 CMakeFiles/macropad.dir/Users/aryachakrabarti/Desktop/pico-sdk/lib/tinyusb/src/common/tusb_fifo.c.o
                0x10004ad0                tu_fifo_clear
 .text.strlen   0x10004b10       0x5c /Applications/ARM/bin/../lib/gcc/arm-none-eabi/13.2.1/../../../../arm-none-eabi/lib/thumb/v6-m/nofp/libg.a(libc_a-strlen-stub.o)
                0x10004b10                strlen
 *(.fini)
 .fini          0x10004b6c        0x4 /Applications/ARM/bin/../lib/gcc/arm-none-eabi/13.2.1/thumb/v6-m/nofp/crti.o
                0x10004b6c                _fini
 .fini.__stub   0x10004b70       0xa0 linker stubs
 *crtbegin.o(.ctors)
 *crtbegin?.o(.ctors)
 *(EXCLUDE_FILE(*crtend.o *crtend?.o) .ctors)
 *(SORT_BY_NAME(.ctors.*))
 *(.ctors)
 *crtbegin.o(.dtors)
 *crtbegin?.o(.dtors)
 *(EXCLUDE_FILE(*crtend.o *crtend?.o) .dtors)
 *(SORT_BY_NAME(.dtors.*))
 *(.dtors)
                0x10004c10                        . = ALIGN (0x4)
                0x10004c10                        PROVIDE (__preinit_array_start = .)
 *(SORT_BY_NAME(.preinit_array.*))
 .preinit_array.00100
                0x10004c10        0x4 CMakeFiles/macropad.dir/Users/aryachakrabarti/Desktop/pico-sdk/src/rp2_common/pico_runtime_init/runtime_init.c.o
                0x10004c10                __pre_init_runtime_init_early_resets
 .preinit_array.00101
                0x10004c14        0x4 CMakeFiles/macropad.dir/Users/aryachakrabarti/Desktop/pico-sdk/src/rp2_common/pico_runtime_init/runtime_init.c.o
                0x10004c14                __pre_init_runtime_init_usb_power_down
 .preinit_array.00275
                0x10004c18        0x4 CMakeFiles/macropad.dir/Users/aryachakrabarti/Desktop/pico-sdk/src/rp2_common/pico_bit_ops/bit_ops_aeabi.S.o
 .preinit_array.00300
                0x10004c1c        0x4 CMakeFiles/macropad.dir/Users/aryachakrabarti/Desktop/pico-sdk/src/rp2_common/pico_mem_ops/mem_ops_aeabi.S.o
 .preinit_array.00350
                0x10004c20        0x4 CMakeFiles/macropad.dir/Users/aryachakrabarti/Desktop/pico-sdk/src/rp2_common/pico_double/double_aeabi_rp2040.S.o
 .preinit_array.00350
                0x10004c24        0x4 CMakeFiles/macropad.dir/Users/aryachakrabarti/Desktop/pico-sdk/src/rp2_common/pico_float/float_aeabi_rp2040.S.o
 .preinit_array.00500
                0x10004c28        0x4 CMakeFiles/macropad.dir/Users/aryachakrabarti/Desktop/pico-sdk/src/rp2_common/pico_runtime_init/runtime_init.c.o
                0x10004c28                __pre_init_runtime_init_clocks
 .preinit_array.00600
                0x10004c2c        0x4 CMakeFiles/macropad.dir/Users/aryachakrabarti/Desktop/pico-sdk/src/rp2_common/pico_runtime_init/runtime_init.c.o
                0x10004c2c                __pre_init_runtime_init_post_clock_resets
 .preinit_array.00700
                0x10004c30        0x4 CMakeFiles/macropad.dir/Users/aryachakrabarti/Desktop/pico-sdk/src/rp2_common/pico_runtime_init/runtime_init.c.o
                0x10004c30                __pre_init_runtime_init_rp2040_gpio_ie_disable
 .preinit_array.01000
                0x10004c34        0x4 CMakeFiles/macropad.dir/Users/aryachakrabarti/Desktop/pico-sdk/src/rp2_common/pico_runtime_init/runtime_init.c.o
                0x10004c34                __pre_init_runtime_init_spin_locks_reset
 .preinit_array.01100
                0x10004c38        0x4 CMakeFiles/macropad.dir/Users/aryachakrabarti/Desktop/pico-sdk/src/common/pico_sync/mutex.c.o
                0x10004c38                __pre_init_runtime_init_mutex
 .preinit_array.10080
                0x10004c3c        0x4 CMakeFiles/macropad.dir/Users/aryachakrabarti/Desktop/pico-sdk/src/rp2_common/pico_runtime_init/runtime_init.c.o
                0x10004c3c                __pre_init_runtime_init_install_ram_vector_table
 .preinit_array.11000
                0x10004c40        0x4 CMakeFiles/macropad.dir/Users/aryachakrabarti/Desktop/pico-sdk/src/common/pico_time/time.c.o
                0x10004c40                __pre_init_runtime_init_default_alarm_pool
 .preinit_array.YYYYY
                0x10004c44        0x4 CMakeFiles/macropad.dir/Users/aryachakrabarti/Desktop/pico-sdk/src/rp2_common/pico_runtime/runtime.c.o
                0x10004c44                __pre_init_first_per_core_initializer
 .preinit_array.ZZZZZ.01200
                0x10004c48        0x4 CMakeFiles/macropad.dir/Users/aryachakrabarti/Desktop/pico-sdk/src/rp2_common/hardware_irq/irq.c.o
                0x10004c48                __pre_init_runtime_init_per_core_irq_priorities
 *(.preinit_array)
                0x10004c4c                        PROVIDE (__preinit_array_end = .)
                0x10004c4c                        . = ALIGN (0x4)
                0x10004c4c                        PROVIDE (__init_array_start = .)
 *(SORT_BY_NAME(.init_array.*))
 *(.init_array)
 .init_array    0x10004c4c        0x4 /Applications/ARM/bin/../lib/gcc/arm-none-eabi/13.2.1/thumb/v6-m/nofp/crtbegin.o
                0x10004c50                        PROVIDE (__init_array_end = .)
                0x10004c50                        . = ALIGN (0x4)
                [!provide]                        PROVIDE (__fini_array_start = .)
 *(SORT_BY_NAME(.fini_array.*))
 *(.fini_array)
                [!provide]                        PROVIDE (__fini_array_end = .)
 *(.eh_frame*)
 .eh_frame      0x10004c50        0x0 /Applications/ARM/bin/../lib/gcc/arm-none-eabi/13.2.1/thumb/v6-m/nofp/crtbegin.o
                0x10004c50                        . = ALIGN (0x4)

.glue_7         0x10004c50        0x0
 .glue_7        0x10004c50        0x0 linker stubs

.glue_7t        0x10004c50        0x0
 .glue_7t       0x10004c50        0x0 linker stubs

.vfp11_veneer   0x10004c50        0x0
 .vfp11_veneer  0x10004c50        0x0 linker stubs

.v4_bx          0x10004c50        0x0
 .v4_bx         0x10004c50        0x0 linker stubs

.iplt           0x10004c50        0x0
 .iplt          0x10004c50        0x0 /Applications/ARM/bin/../lib/gcc/arm-none-eabi/13.2.1/thumb/v6-m/nofp/crtbegin.o

.rodata         0x10004c50      0x4e8
 *(EXCLUDE_FILE(*libm.a: *libc.a:*lib_a-mem*.o *libgcc.a:) .rodata*)
 .rodata.update_display.str1.4
                0x10004c50      0x174 CMakeFiles/macropad.dir/src/main.c.o
                                 0x17 (size before relaxing)
 .rodata.str1.4
                0x10004dc4       0x3e CMakeFiles/macropad.dir/src/main.c.o
 .rodata.layer_arrows
                0x10004dc4       0x12 CMakeFiles/macropad.dir/src/main.c.o
 *fill*         0x10004dd6        0x2 
 .rodata.layer_wasd
                0x10004dd8       0x12 CMakeFiles/macropad.dir/src/main.c.o
 *fill*         0x10004dea        0x2 
 .rodata.key_rotation
                0x10004dec        0x9 CMakeFiles/macropad.dir/src/main.c.o
 *fill*         0x10004df5        0x3 
 .rodata.row_pins
                0x10004df8        0x3 CMakeFiles/macropad.dir/src/matrix.c.o
 *fill*         0x10004dfb        0x1 
 .rodata.col_pins
                0x10004dfc        0x3 CMakeFiles/macropad.dir/src/matrix.c.o
 *fill*         0x10004dff        0x1 
 .rodata.encoder_table
                0x10004e00       0x10 CMakeFiles/macropad.dir/src/encoder.c.o
 .rodata.font5x7
                0x10004e10      0x140 CMakeFiles/macropad.dir/src/oled.c.o
 .rodata.str1.4
                0x10004f50       0x23 CMakeFiles/macropad.dir/src/usb_descriptors.c.o
 .rodata.__compound_literal.0
                0x10004f50        0x2 CMakeFiles/macropad.dir/src/usb_descriptors.c.o
 *fill*         0x10004f52        0x2 
 .rodata.desc_configuration
                0x10004f54       0x22 CMakeFiles/macropad.dir/src/usb_descriptors.c.o
                0x10004f54                desc_configuration
 *fill*         0x10004f76        0x2 
 .rodata.desc_device
                0x10004f78       0x12 CMakeFiles/macropad.dir/src/usb_descriptors.c.o
                0x10004f78                desc_device
 *fill*         0x10004f8a        0x2 
 .rodata.desc_hid_report
                0x10004f8c       0x5c CMakeFiles/macropad.dir/src/usb_descriptors.c.o
                0x10004f8c                desc_hid_report
 .rodata.panic.str1.4
                0x10004fe8       0x12 CMakeFiles/macropad.dir/Users/aryachakrabarti/Desktop/pico-sdk/src/rp2_common/pico_platform_panic/panic.c.o
 .rodata.spin_lock_claim_unused.str1.4
                0x10004fe8       0x1b CMakeFiles/macropad.dir/Users/aryachakrabarti/Desktop/pico-sdk/src/rp2_common/hardware_sync/sync.c.o
 .rodata.timer_hardware_alarm_claim.str1.4
                0x10004fe8       0x22 CMakeFiles/macropad.dir/Users/aryachakrabarti/Desktop/pico-sdk/src/rp2_common/hardware_timer/timer.c.o
 .rodata.hard_assertion_failure.str1.4
                0x10004fe8        0xc CMakeFiles/macropad.dir/Users/aryachakrabarti/Desktop/pico-sdk/src/rp2_common/pico_runtime/runtime.c.o
 .rodata.str1.4
                0x10004fe8       0x40 CMakeFiles/macropad.dir/Users/aryachakrabarti/Desktop/pico-sdk/src/rp2_common/pico_standard_binary_info/standard_binary_info.c.o
 .rodata.__bi_84
                0x10004fe8        0xc CMakeFiles/macropad.dir/Users/aryachakrabarti/Desktop/pico-sdk/src/rp2_common/pico_standard_binary_info/standard_binary_info.c.o
 .rodata.__bi_78
                0x10004ff4        0xc CMakeFiles/macropad.dir/Users/aryachakrabarti/Desktop/pico-sdk/src/rp2_common/pico_standard_binary_info/standard_binary_info.c.o
 .rodata.__bi_54
                0x10005000        0xc CMakeFiles/macropad.dir/Users/aryachakrabarti/Desktop/pico-sdk/src/rp2_common/pico_standard_binary_info/standard_binary_info.c.o
 .rodata.__bi_48
                0x1000500c        0xc CMakeFiles/macropad.dir/Users/aryachakrabarti/Desktop/pico-sdk/src/rp2_common/pico_standard_binary_info/standard_binary_info.c.o
 .rodata.__bi_42
                0x10005018        0xc CMakeFiles/macropad.dir/Users/aryachakrabarti/Desktop/pico-sdk/src/rp2_common/pico_standard_binary_info/standard_binary_info.c.o
 .rodata.__bi_34
                0x10005024        0xc CMakeFiles/macropad.dir/Users/aryachakrabarti/Desktop/pico-sdk/src/rp2_common/pico_standard_binary_info/standard_binary_info.c.o
 .rodata.__bi_26
                0x10005030        0xc CMakeFiles/macropad.dir/Users/aryachakrabarti/Desktop/pico-sdk/src/rp2_common/pico_standard_binary_info/standard_binary_info.c.o
 .rodata.crlf_str.0
                0x1000503c        0x2 CMakeFiles/macropad.dir/Users/aryachakrabarti/Desktop/pico-sdk/src/rp2_common/pico_stdio/stdio.c.o
 .rodata.str1.4
                0x1000503e       0x14 CMakeFiles/macropad.dir/Users/aryachakrabarti/Desktop/pico-sdk/lib/tinyusb/src/portable/raspberrypi/rp2040/dcd_rp2040.c.o
 .rodata.str1.4
                0x1000503e       0x48 CMakeFiles/macropad.dir/Users/aryachakrabarti/Desktop/pico-sdk/lib/tinyusb/src/portable/raspberrypi/rp2040/rp2040_usb.c.o
 *fill*         0x1000503e        0x2 
 .rodata.tud_task_ext
                0x10005040       0x8c CMakeFiles/macropad.dir/Users/aryachakrabarti/Desktop/pico-sdk/lib/tinyusb/src/device/usbd.c.o
 .rodata        0x100050cc       0x1c CMakeFiles/macropad.dir/Users/aryachakrabarti/Desktop/pico-sdk/lib/tinyusb/src/device/usbd.c.o
 .rodata._usbd_driver
                0x100050e8       0x20 CMakeFiles/macropad.dir/Users/aryachakrabarti/Desktop/pico-sdk/lib/tinyusb/src/device/usbd.c.o
 .rodata.hidd_control_xfer_cb
                0x10005108       0x30 CMakeFiles/macropad.dir/Users/aryachakrabarti/Desktop/pico-sdk/lib/tinyusb/src/class/hid/hid_device.c.o
                0x10005138                        . = ALIGN (0x4)
 *(SORT_BY_ALIGNMENT(SORT_BY_NAME(.flashdata*)))
                0x10005138                        . = ALIGN (0x4)

.ARM.extab
 *(.ARM.extab* .gnu.linkonce.armextab.*)
                0x10005138                        __exidx_start = .

.ARM.exidx
 *(.ARM.exidx* .gnu.linkonce.armexidx.*)
                0x10005138                        __exidx_end = .
                0x10005138                        . = ALIGN (0x4)
                0x10005138                        __binary_info_start = .

.binary_info    0x10005138       0x1c
 *(.binary_info.keep.*)
 .binary_info.keep.__bi_ptr84
                0x10005138        0x4 CMakeFiles/macropad.dir/Users/aryachakrabarti/Desktop/pico-sdk/src/rp2_common/pico_standard_binary_info/standard_binary_info.c.o
 .binary_info.keep.__bi_ptr78
                0x1000513c        0x4 CMakeFiles/macropad.dir/Users/aryachakrabarti/Desktop/pico-sdk/src/rp2_common/pico_standard_binary_info/standard_binary_info.c.o
 .binary_info.keep.__bi_ptr54
                0x10005140        0x4 CMakeFiles/macropad.dir/Users/aryachakrabarti/Desktop/pico-sdk/src/rp2_common/pico_standard_binary_info/standard_binary_info.c.o
 .binary_info.keep.__bi_ptr48
                0x10005144        0x4 CMakeFiles/macropad.dir/Users/aryachakrabarti/Desktop/pico-sdk/src/rp2_common/pico_standard_binary_info/standard_binary_info.c.o
 .binary_info.keep.__bi_ptr42
                0x10005148        0x4 CMakeFiles/macropad.dir/Users/aryachakrabarti/Desktop/pico-sdk/src/rp2_common/pico_standard_binary_info/standard_binary_info.c.o
 .binary_info.keep.__bi_ptr34
                0x1000514c        0x4 CMakeFiles/macropad.dir/Users/aryachakrabarti/Desktop/pico-sdk/src/rp2_common/pico_standard_binary_info/standard_binary_info.c.o
 .binary_info.keep.__bi_ptr26
                0x10005150        0x4 CMakeFiles/macropad.dir/Users/aryachakrabarti/Desktop/pico-sdk/src/rp2_common/pico_standard_binary_info/standard_binary_info.c.o
 *(.binary_info.*)
                0x10005154                        __binary_info_end = .
                0x10005154                        . = ALIGN (0x4)

.ram_vector_table
                0x20000000       0xc0
 *(.ram_vector_table)
 .ram_vector_table
                0x20000000       0xc0 CMakeFiles/macropad.dir/Users/aryachakrabarti/Desktop/pico-sdk/src/rp2_common/pico_runtime_init/runtime_init.c.o
                0x20000000                ram_vector_table

.uninitialized_data
                0x200000c0        0x0
                0x200000c0                        . = ALIGN (0x4)
 *(.uninitialized_data*)

.data           0x200000c0      0xe28 load address 0x10005154
                0x200000c0                        __data_start__ = .
 *(vtable)
 *(.time_critical*)
 .time_critical.mutex_try_enter_block_until
                0x200000c0       0x9c CMakeFiles/macropad.dir/Users/aryachakrabarti/Desktop/pico-sdk/src/common/pico_sync/mutex.c.o
                0x200000c0                mutex_try_enter_block_until
 .time_critical.mutex_enter_timeout_ms
                0x2000015c       0x90 CMakeFiles/macropad.dir/Users/aryachakrabarti/Desktop/pico-sdk/src/common/pico_sync/mutex.c.o
                0x2000015c                mutex_enter_timeout_ms
 .time_critical.mutex_exit
                0x200001ec       0x28 CMakeFiles/macropad.dir/Users/aryachakrabarti/Desktop/pico-sdk/src/common/pico_sync/mutex.c.o
                0x200001ec                mutex_exit
 .time_critical.reset_non_control_endpoints
                0x20000214       0x68 CMakeFiles/macropad.dir/Users/aryachakrabarti/Desktop/pico-sdk/lib/tinyusb/src/portable/raspberrypi/rp2040/dcd_rp2040.c.o
 .time_critical.hw_handle_buff_status
                0x2000027c       0xa0 CMakeFiles/macropad.dir/Users/aryachakrabarti/Desktop/pico-sdk/lib/tinyusb/src/portable/raspberrypi/rp2040/dcd_rp2040.c.o
 .time_critical.dcd_rp2040_irq
                0x2000031c      0x544 CMakeFiles/macropad.dir/Users/aryachakrabarti/Desktop/pico-sdk/lib/tinyusb/src/portable/raspberrypi/rp2040/dcd_rp2040.c.o
 .time_critical.prepare_ep_buffer
                0x20000860       0xe0 CMakeFiles/macropad.dir/Users/aryachakrabarti/Desktop/pico-sdk/lib/tinyusb/src/portable/raspberrypi/rp2040/rp2040_usb.c.o
 .time_critical.sync_ep_buffer
                0x20000940       0xa8 CMakeFiles/macropad.dir/Users/aryachakrabarti/Desktop/pico-sdk/lib/tinyusb/src/portable/raspberrypi/rp2040/rp2040_usb.c.o
 .time_critical._hw_endpoint_xfer_sync
                0x200009e8       0x28 CMakeFiles/macropad.dir/Users/aryachakrabarti/Desktop/pico-sdk/lib/tinyusb/src/portable/raspberrypi/rp2040/rp2040_usb.c.o
 .time_critical.e15_is_bulkin_ep
                0x20000a10       0x28 CMakeFiles/macropad.dir/Users/aryachakrabarti/Desktop/pico-sdk/lib/tinyusb/src/portable/raspberrypi/rp2040/rp2040_usb.c.o
 .time_critical.e15_is_critical_frame_period
                0x20000a38       0x34 CMakeFiles/macropad.dir/Users/aryachakrabarti/Desktop/pico-sdk/lib/tinyusb/src/portable/raspberrypi/rp2040/rp2040_usb.c.o
 .time_critical.hw_endpoint_reset_transfer
                0x20000a6c        0xc CMakeFiles/macropad.dir/Users/aryachakrabarti/Desktop/pico-sdk/lib/tinyusb/src/portable/raspberrypi/rp2040/rp2040_usb.c.o
                0x20000a6c                hw_endpoint_reset_transfer
 .time_critical._hw_endpoint_buffer_control_update32
                0x20000a78       0x50 CMakeFiles/macropad.dir/Users/aryachakrabarti/Desktop/pico-sdk/lib/tinyusb/src/portable/raspberrypi/rp2040/rp2040_usb.c.o
                0x20000a78                _hw_endpoint_buffer_control_update32
 .time_critical.hw_endpoint_start_next_buffer
                0x20000ac8       0x6c CMakeFiles/macropad.dir/Users/aryachakrabarti/Desktop/pico-sdk/lib/tinyusb/src/portable/raspberrypi/rp2040/rp2040_usb.c.o
                0x20000ac8                hw_endpoint_start_next_buffer
 .time_critical.hw_endpoint_xfer_continue
                0x20000b34       0x40 CMakeFiles/macropad.dir/Users/aryachakrabarti/Desktop/pico-sdk/lib/tinyusb/src/portable/raspberrypi/rp2040/rp2040_usb.c.o
                0x20000b34                hw_endpoint_xfer_continue
 .time_critical.tinyusb
                0x20000b74      0x1e0 CMakeFiles/macropad.dir/Users/aryachakrabarti/Desktop/pico-sdk/lib/tinyusb/src/device/usbd.c.o
                0x20000b74                dcd_event_handler
 *(.text*)
 .text          0x20000d54        0x4 /Applications/ARM/bin/../lib/gcc/arm-none-eabi/13.2.1/thumb/v6-m/nofp/libgcc.a(_dvmd_tls.o)
                0x20000d54                __aeabi_ldiv0
                0x20000d54                __aeabi_idiv0
 .text.__stub   0x20000d58       0x80 linker stubs
                0x20000dd8                        . = ALIGN (0x4)
 *(.rodata*)
                0x20000dd8                        . = ALIGN (0x4)
 *(.data*)
 .data.arrows_labels
                0x20000dd8       0x24 CMakeFiles/macropad.dir/src/main.c.o
 .data.wasd_labels
                0x20000dfc       0x24 CMakeFiles/macropad.dir/src/main.c.o
 .data.string_desc_arr
                0x20000e20       0x10 CMakeFiles/macropad.dir/src/usb_descriptors.c.o
                0x20000e20                string_desc_arr
 .data.striped_spin_lock_num
                0x20000e30        0x1 CMakeFiles/macropad.dir/Users/aryachakrabarti/Desktop/pico-sdk/src/rp2_common/hardware_sync/sync.c.o
 *fill*         0x20000e31        0x3 
 .data          0x20000e34       0x48 CMakeFiles/macropad.dir/Users/aryachakrabarti/Desktop/pico-sdk/src/rp2_common/hardware_irq/irq_handler_chain.S.o
                0x20000e34                irq_handler_chain_slots
                0x20000e64                irq_handler_chain_first_slot
                0x20000e6e                irq_handler_chain_remove_tail
 .data.default_alarm_pool
                0x20000e7c       0x18 CMakeFiles/macropad.dir/Users/aryachakrabarti/Desktop/pico-sdk/src/common/pico_time/time.c.o
 *fill*         0x20000e94        0xc 
 .data.aeabi_bits_funcs
                0x20000ea0       0x10 CMakeFiles/macropad.dir/Users/aryachakrabarti/Desktop/pico-sdk/src/rp2_common/pico_bit_ops/bit_ops_aeabi.S.o
                0x20000ea0                aeabi_bits_funcs
                0x20000eb0                aeabi_bits_funcs_end
 .data.aeabi_mem_funcs
                0x20000eb0       0x10 CMakeFiles/macropad.dir/Users/aryachakrabarti/Desktop/pico-sdk/src/rp2_common/pico_mem_ops/mem_ops_aeabi.S.o
                0x20000eb0                aeabi_mem_funcs
                0x20000ec0                aeabi_mem_funcs_end
 .data._usbd_qdef
                0x20000ec0       0x1c CMakeFiles/macropad.dir/Users/aryachakrabarti/Desktop/pico-sdk/lib/tinyusb/src/device/usbd.c.o
                0x20000ec0                _usbd_qdef
 .data._usbd_rhport
                0x20000edc        0x1 CMakeFiles/macropad.dir/Users/aryachakrabarti/Desktop/pico-sdk/lib/tinyusb/src/device/usbd.c.o
                0x20000ee0                        . = ALIGN (0x4)
 *fill*         0x20000edd        0x3 
 *(.after_data.*)
                0x20000ee0                        . = ALIGN (0x4)
                0x20000ee0                        PROVIDE (__mutex_array_start = .)
 *(SORT_BY_NAME(.mutex_array.*))
 *(.mutex_array)
 .mutex_array   0x20000ee0        0x8 CMakeFiles/macropad.dir/Users/aryachakrabarti/Desktop/pico-sdk/src/rp2_common/pico_stdio/stdio.c.o
                0x20000ee8                        PROVIDE (__mutex_array_end = .)
                0x20000ee8                        . = ALIGN (0x4)
 *(.jcr)
                0x20000ee8                        . = ALIGN (0x4)

.tm_clone_table
                0x20000ee8        0x0 load address 0x10005f7c
 .tm_clone_table
                0x20000ee8        0x0 /Applications/ARM/bin/../lib/gcc/arm-none-eabi/13.2.1/thumb/v6-m/nofp/crtbegin.o
 .tm_clone_table
                0x20000ee8        0x0 /Applications/ARM/bin/../lib/gcc/arm-none-eabi/13.2.1/thumb/v6-m/nofp/crtend.o

.igot.plt       0x20000ee8        0x0 load address 0x10005f7c
 .igot.plt      0x20000ee8        0x0 /Applications/ARM/bin/../lib/gcc/arm-none-eabi/13.2.1/thumb/v6-m/nofp/crtbegin.o

.tdata          0x20000ee8        0x0 load address 0x10005f7c
                0x20000ee8                        . = ALIGN (0x4)
 *(.tdata .tdata.* .gnu.linkonce.td.*)
                0x20000ee8                        __tdata_end = .
                0x20000ee8                        PROVIDE (__data_end__ = .)
                0x10005154                        __etext = LOADADDR (.data)

.tbss           0x20000ee8        0x0 load address 0x10005f7c
                0x20000ee8                        . = ALIGN (0x4)
                0x20000ee8                        __bss_start__ = .
                0x20000ee8                        __tls_base = .
 *(.tbss .tbss.* .gnu.linkonce.tb.*)
 *(.tcommon)
                0x20000ee8                        __tls_end = .

.bss            0x20000ee8      0xc6c load address 0x10005f7c
                0x20000ee8                        . = ALIGN (0x4)
                0x20000ee8                        __tbss_end = .
 *(SORT_BY_ALIGNMENT(SORT_BY_NAME(.bss*)))
 .bss.default_alarm_pool_entries
                0x20000ee8      0x180 CMakeFiles/macropad.dir/Users/aryachakrabarti/Desktop/pico-sdk/src/common/pico_time/time.c.o
 .bss.sd_table  0x20001068      0x100 CMakeFiles/macropad.dir/Users/aryachakrabarti/Desktop/pico-sdk/src/rp2_common/pico_double/double_init_rom_rp2040.c.o
                0x20001068                sd_table
 .bss.sf_table  0x20001168      0x100 CMakeFiles/macropad.dir/Users/aryachakrabarti/Desktop/pico-sdk/src/rp2_common/pico_float/float_init_rom_rp2040.c.o
                0x20001168                sf_table
 .bss._app_driver
                0x20001268        0x4 CMakeFiles/macropad.dir/Users/aryachakrabarti/Desktop/pico-sdk/lib/tinyusb/src/device/usbd.c.o
 .bss._ctrl_epbuf
                0x2000126c       0x40 CMakeFiles/macropad.dir/Users/aryachakrabarti/Desktop/pico-sdk/lib/tinyusb/src/device/usbd_control.c.o
 .bss._ctrl_xfer
                0x200012ac       0x14 CMakeFiles/macropad.dir/Users/aryachakrabarti/Desktop/pico-sdk/lib/tinyusb/src/device/usbd_control.c.o
 .bss._desc_str
                0x200012c0       0x40 CMakeFiles/macropad.dir/src/usb_descriptors.c.o
 .bss._hidd_epbuf
                0x20001300       0x60 CMakeFiles/macropad.dir/Users/aryachakrabarti/Desktop/pico-sdk/lib/tinyusb/src/class/hid/hid_device.c.o
 .bss._hidd_itf
                0x20001360       0x18 CMakeFiles/macropad.dir/Users/aryachakrabarti/Desktop/pico-sdk/lib/tinyusb/src/class/hid/hid_device.c.o
 .bss._tusb_rhport_role
                0x20001378        0x2 CMakeFiles/macropad.dir/Users/aryachakrabarti/Desktop/pico-sdk/lib/tinyusb/src/tusb.c.o
                0x20001378                _tusb_rhport_role
 *fill*         0x2000137a        0x2 
 .bss._ubsd_mutexdef
                0x2000137c        0x8 CMakeFiles/macropad.dir/Users/aryachakrabarti/Desktop/pico-sdk/lib/tinyusb/src/device/usbd.c.o
 .bss._usbd_dev
                0x20001384       0x54 CMakeFiles/macropad.dir/Users/aryachakrabarti/Desktop/pico-sdk/lib/tinyusb/src/device/usbd.c.o
 .bss._usbd_mutex
                0x200013d8        0x4 CMakeFiles/macropad.dir/Users/aryachakrabarti/Desktop/pico-sdk/lib/tinyusb/src/device/usbd.c.o
 .bss._usbd_q   0x200013dc        0x4 CMakeFiles/macropad.dir/Users/aryachakrabarti/Desktop/pico-sdk/lib/tinyusb/src/device/usbd.c.o
 .bss._usbd_qdef_buf
                0x200013e0       0xc0 CMakeFiles/macropad.dir/Users/aryachakrabarti/Desktop/pico-sdk/lib/tinyusb/src/device/usbd.c.o
                0x200013e0                _usbd_qdef_buf
 .bss.callbacks
                0x200014a0        0x8 CMakeFiles/macropad.dir/Users/aryachakrabarti/Desktop/pico-sdk/src/rp2_common/hardware_gpio/gpio.c.o
 .bss.claimed   0x200014a8        0x4 CMakeFiles/macropad.dir/Users/aryachakrabarti/Desktop/pico-sdk/src/rp2_common/hardware_sync/sync.c.o
 .bss.claimed   0x200014ac        0x1 CMakeFiles/macropad.dir/Users/aryachakrabarti/Desktop/pico-sdk/src/rp2_common/hardware_timer/timer.c.o
 *fill*         0x200014ad        0x3 
 .bss.configured_freq
                0x200014b0       0x28 CMakeFiles/macropad.dir/Users/aryachakrabarti/Desktop/pico-sdk/src/rp2_common/hardware_clocks/clocks.c.o
 .bss.debounce_time
                0x200014d8       0x24 CMakeFiles/macropad.dir/src/matrix.c.o
 .bss.display_buffer
                0x200014fc      0x200 CMakeFiles/macropad.dir/src/oled.c.o
 .bss.drivers   0x200016fc        0x4 CMakeFiles/macropad.dir/Users/aryachakrabarti/Desktop/pico-sdk/src/rp2_common/pico_stdio/stdio.c.o
 .bss.e15_last_sof
                0x20001700        0x4 CMakeFiles/macropad.dir/Users/aryachakrabarti/Desktop/pico-sdk/lib/tinyusb/src/portable/raspberrypi/rp2040/rp2040_usb.c.o
                0x20001700                e15_last_sof
 .bss.filter    0x20001704        0x4 CMakeFiles/macropad.dir/Users/aryachakrabarti/Desktop/pico-sdk/src/rp2_common/pico_stdio/stdio.c.o
 .bss.hw_endpoints
                0x20001708      0x400 CMakeFiles/macropad.dir/Users/aryachakrabarti/Desktop/pico-sdk/lib/tinyusb/src/portable/raspberrypi/rp2040/dcd_rp2040.c.o
 .bss.lazy_vsnprintf
                0x20001b08        0x4 CMakeFiles/macropad.dir/Users/aryachakrabarti/Desktop/pico-sdk/src/rp2_common/pico_printf/printf.c.o
 .bss.next_buffer_ptr
                0x20001b0c        0x4 CMakeFiles/macropad.dir/Users/aryachakrabarti/Desktop/pico-sdk/lib/tinyusb/src/portable/raspberrypi/rp2040/dcd_rp2040.c.o
 .bss.object.0  0x20001b10       0x18 /Applications/ARM/bin/../lib/gcc/arm-none-eabi/13.2.1/thumb/v6-m/nofp/crtbegin.o
 .bss.pools     0x20001b28       0x10 CMakeFiles/macropad.dir/Users/aryachakrabarti/Desktop/pico-sdk/src/common/pico_time/time.c.o
 .bss.raw_irq_mask
                0x20001b38        0x8 CMakeFiles/macropad.dir/Users/aryachakrabarti/Desktop/pico-sdk/src/rp2_common/hardware_gpio/gpio.c.o
 .bss.sf_clz_func
                0x20001b40        0x4 CMakeFiles/macropad.dir/Users/aryachakrabarti/Desktop/pico-sdk/src/rp2_common/pico_double/double_init_rom_rp2040.c.o
                0x20001b40                sf_clz_func
 .bss.sleep_notifier
                0x20001b44        0x4 CMakeFiles/macropad.dir/Users/aryachakrabarti/Desktop/pico-sdk/src/common/pico_time/time.c.o
 .bss.current_state
                0x20001b48        0x2 CMakeFiles/macropad.dir/src/matrix.c.o
 .bss.previous_state
                0x20001b4a        0x2 CMakeFiles/macropad.dir/src/matrix.c.o
 .bss._app_driver_count
                0x20001b4c        0x1 CMakeFiles/macropad.dir/Users/aryachakrabarti/Desktop/pico-sdk/lib/tinyusb/src/device/usbd.c.o
 .bss._sof_enable
                0x20001b4d        0x1 CMakeFiles/macropad.dir/Users/aryachakrabarti/Desktop/pico-sdk/lib/tinyusb/src/portable/raspberrypi/rp2040/dcd_rp2040.c.o
 .bss._usbd_queued_setup
                0x20001b4e        0x1 CMakeFiles/macropad.dir/Users/aryachakrabarti/Desktop/pico-sdk/lib/tinyusb/src/device/usbd.c.o
 .bss.current_layer
                0x20001b4f        0x1 CMakeFiles/macropad.dir/src/main.c.o
 .bss.encoder_delta
                0x20001b50        0x1 CMakeFiles/macropad.dir/src/encoder.c.o
 .bss.encoder_state
                0x20001b51        0x1 CMakeFiles/macropad.dir/src/encoder.c.o
 .bss.irq_handler_chain_free_slot_head
                0x20001b52        0x1 CMakeFiles/macropad.dir/Users/aryachakrabarti/Desktop/pico-sdk/src/rp2_common/hardware_irq/irq.c.o
 *(COMMON)
                0x20001b54                        . = ALIGN (0x4)
 *fill*         0x20001b53        0x1 
                0x20001b54                        __bss_end__ = .

.heap           0x20001b54      0x800 load address 0x10005f7c
                0x20001b54                        __end__ = .
                0x20001b54                        end = __end__
 *(.heap*)
 .heap          0x20001b54      0x800 CMakeFiles/macropad.dir/Users/aryachakrabarti/Desktop/pico-sdk/src/rp2_common/pico_crt0/crt0.S.o
                0x20040000                        __HeapLimit = (ORIGIN (RAM) + LENGTH (RAM))

.scratch_x      0x20040000        0x0 load address 0x10005f7c
                0x20040000                        __scratch_x_start__ = .
 *(.scratch_x.*)
                0x20040000                        . = ALIGN (0x4)
                0x20040000                        __scratch_x_end__ = .
                0x10005f7c                        __scratch_x_source__ = LOADADDR (.scratch_x)

.scratch_y      0x20041000        0x0 load address 0x10005f7c
                0x20041000                        __scratch_y_start__ = .
 *(.scratch_y.*)
                0x20041000                        . = ALIGN (0x4)
                0x20041000                        __scratch_y_end__ = .
                0x10005f7c                        __scratch_y_source__ = LOADADDR (.scratch_y)

.stack1_dummy
 *(.stack1*)

.stack_dummy    0x20041000      0x800
 *(.stack*)
 .stack         0x20041000      0x800 CMakeFiles/macropad.dir/Users/aryachakrabarti/Desktop/pico-sdk/src/rp2_common/pico_crt0/crt0.S.o

.rel.dyn        0x20041800        0x0
 .rel.iplt      0x20041800        0x0 /Applications/ARM/bin/../lib/gcc/arm-none-eabi/13.2.1/thumb/v6-m/nofp/crtbegin.o

.flash_end      0x10005f7c        0x0
 *(.embedded_end_block*)
                0x10005f7c                        PROVIDE (__flash_binary_end = .)
                0x20040000                        __StackLimit = (ORIGIN (RAM) + LENGTH (RAM))
                0x20041000                        __StackOneTop = (ORIGIN (SCRATCH_X) + LENGTH (SCRATCH_X))
                0x20042000                        __StackTop = (ORIGIN (SCRATCH_Y) + LENGTH (SCRATCH_Y))
                0x20041000                        __StackOneBottom = (__StackOneTop - SIZEOF (.stack1_dummy))
                0x20041800                        __StackBottom = (__StackTop - SIZEOF (.stack_dummy))
                0x20042000                        PROVIDE (__stack = __StackTop)
                [!provide]                        PROVIDE (__heap_start = __end__)
                [!provide]                        PROVIDE (__heap_end = __HeapLimit)
                [!provide]                        PROVIDE (__tls_align = MAX (ALIGNOF (.tdata), ALIGNOF (.tbss)))
                [!provide]                        PROVIDE (__tls_size_align = (((__tls_size + __tls_align) - 0x1) & ~ ((__tls_align - 0x1))))
                [!provide]                        PROVIDE (__arm32_tls_tcb_offset = MAX (0x8, __tls_align))
                [!provide]                        PROVIDE (_end = __end__)
                [!provide]                        PROVIDE (__llvm_libc_heap_limit = __HeapLimit)
                0x00000001                        ASSERT ((__StackLimit >= __HeapLimit), region RAM overflowed)
                0x00000001                        ASSERT (((__binary_info_header_end - __logical_binary_start) <= 0x100), Binary info must be in first 256 bytes of the binary)
LOAD CMakeFiles/macropad.dir/src/main.c.o
LOAD CMakeFiles/macropad.dir/src/matrix.c.o
LOAD CMakeFiles/macropad.dir/src/encoder.c.o
LOAD CMakeFiles/macropad.dir/src/oled.c.o
LOAD CMakeFiles/macropad.dir/src/usb_hid.c.o
LOAD CMakeFiles/macropad.dir/src/usb_descriptors.c.o
LOAD CMakeFiles/macropad.dir/Users/aryachakrabarti/Desktop/pico-sdk/src/rp2_common/pico_stdlib/stdlib.c.o
LOAD CMakeFiles/macropad.dir/Users/aryachakrabarti/Desktop/pico-sdk/src/rp2_common/hardware_gpio/gpio.c.o
LOAD CMakeFiles/macropad.dir/Users/aryachakrabarti/Desktop/pico-sdk/src/rp2040/pico_platform/platform.c.o
LOAD CMakeFiles/macropad.dir/Users/aryachakrabarti/Desktop/pico-sdk/src/rp2_common/pico_platform_common/common.c.o
LOAD CMakeFiles/macropad.dir/Users/aryachakrabarti/Desktop/pico-sdk/src/rp2_common/pico_platform_panic/panic.c.o
LOAD CMakeFiles/macropad.dir/Users/aryachakrabarti/Desktop/pico-sdk/src/common/hardware_claim/claim.c.o
LOAD CMakeFiles/macropad.dir/Users/aryachakrabarti/Desktop/pico-sdk/src/rp2_common/hardware_sync/sync.c.o
LOAD CMakeFiles/macropad.dir/Users/aryachakrabarti/Desktop/pico-sdk/src/rp2_common/hardware_sync_spin_lock/sync_spin_lock.c.o
LOAD CMakeFiles/macropad.dir/Users/aryachakrabarti/Desktop/pico-sdk/src/rp2_common/hardware_irq/irq.c.o
LOAD CMakeFiles/macropad.dir/Users/aryachakrabarti/Desktop/pico-sdk/src/rp2_common/hardware_irq/irq_handler_chain.S.o
LOAD CMakeFiles/macropad.dir/Users/aryachakrabarti/Desktop/pico-sdk/src/common/pico_sync/sem.c.o
LOAD CMakeFiles/macropad.dir/Users/aryachakrabarti/Desktop/pico-sdk/src/common/pico_sync/lock_core.c.o
LOAD CMakeFiles/macropad.dir/Users/aryachakrabarti/Desktop/pico-sdk/src/common/pico_sync/mutex.c.o
LOAD CMakeFiles/macropad.dir/Users/aryachakrabarti/Desktop/pico-sdk/src/common/pico_sync/critical_section.c.o
LOAD CMakeFiles/macropad.dir/Users/aryachakrabarti/Desktop/pico-sdk/src/common/pico_time/time.c.o
LOAD CMakeFiles/macropad.dir/Users/aryachakrabarti/Desktop/pico-sdk/src/common/pico_time/timeout_helper.c.o
LOAD CMakeFiles/macropad.dir/Users/aryachakrabarti/Desktop/pico-sdk/src/rp2_common/hardware_timer/timer.c.o
LOAD CMakeFiles/macropad.dir/Users/aryachakrabarti/Desktop/pico-sdk/src/common/pico_util/datetime.c.o
LOAD CMakeFiles/macropad.dir/Users/aryachakrabarti/Desktop/pico-sdk/src/common/pico_util/pheap.c.o
LOAD CMakeFiles/macropad.dir/Users/aryachakrabarti/Desktop/pico-sdk/src/common/pico_util/queue.c.o
LOAD CMakeFiles/macropad.dir/Users/aryachakrabarti/Desktop/pico-sdk/src/rp2_common/hardware_uart/uart.c.o
LOAD CMakeFiles/macropad.dir/Users/aryachakrabarti/Desktop/pico-sdk/src/rp2_common/hardware_clocks/clocks.c.o
LOAD CMakeFiles/macropad.dir/Users/aryachakrabarti/Desktop/pico-sdk/src/rp2_common/hardware_pll/pll.c.o
LOAD CMakeFiles/macropad.dir/Users/aryachakrabarti/Desktop/pico-sdk/src/rp2_common/hardware_vreg/vreg.c.o
LOAD CMakeFiles/macropad.dir/Users/aryachakrabarti/Desktop/pico-sdk/src/rp2_common/hardware_watchdog/watchdog.c.o
LOAD CMakeFiles/macropad.dir/Users/aryachakrabarti/Desktop/pico-sdk/src/rp2_common/hardware_ticks/ticks.c.o
LOAD CMakeFiles/macropad.dir/Users/aryachakrabarti/Desktop/pico-sdk/src/rp2_common/pico_bootrom/bootrom.c.o
LOAD CMakeFiles/macropad.dir/Users/aryachakrabarti/Desktop/pico-sdk/src/rp2_common/pico_bootrom/bootrom_lock.c.o
LOAD CMakeFiles/macropad.dir/Users/aryachakrabarti/Desktop/pico-sdk/src/rp2_common/hardware_boot_lock/boot_lock.c.o
LOAD CMakeFiles/macropad.dir/Users/aryachakrabarti/Desktop/pico-sdk/src/rp2_common/pico_flash/flash.c.o
LOAD CMakeFiles/macropad.dir/Users/aryachakrabarti/Desktop/pico-sdk/src/rp2_common/hardware_xosc/xosc.c.o
LOAD CMakeFiles/macropad.dir/Users/aryachakrabarti/Desktop/pico-sdk/src/rp2_common/hardware_divider/divider.S.o
LOAD CMakeFiles/macropad.dir/Users/aryachakrabarti/Desktop/pico-sdk/src/rp2_common/pico_runtime/runtime.c.o
LOAD CMakeFiles/macropad.dir/Users/aryachakrabarti/Desktop/pico-sdk/src/rp2_common/pico_runtime_init/runtime_init.c.o
LOAD CMakeFiles/macropad.dir/Users/aryachakrabarti/Desktop/pico-sdk/src/rp2_common/pico_runtime_init/runtime_init_clocks.c.o
LOAD CMakeFiles/macropad.dir/Users/aryachakrabarti/Desktop/pico-sdk/src/rp2_common/pico_runtime_init/runtime_init_stack_guard.c.o
LOAD CMakeFiles/macropad.dir/Users/aryachakrabarti/Desktop/pico-sdk/src/rp2_common/pico_bit_ops/bit_ops_aeabi.S.o
LOAD CMakeFiles/macropad.dir/Users/aryachakrabarti/Desktop/pico-sdk/src/rp2_common/pico_divider/divider_hardware.S.o
LOAD CMakeFiles/macropad.dir/Users/aryachakrabarti/Desktop/pico-sdk/src/rp2_common/pico_double/double_aeabi_rp2040.S.o
LOAD CMakeFiles/macropad.dir/Users/aryachakrabarti/Desktop/pico-sdk/src/rp2_common/pico_double/double_init_rom_rp2040.c.o
LOAD CMakeFiles/macropad.dir/Users/aryachakrabarti/Desktop/pico-sdk/src/rp2_common/pico_double/double_math.c.o
LOAD CMakeFiles/macropad.dir/Users/aryachakrabarti/Desktop/pico-sdk/src/rp2_common/pico_double/double_v1_rom_shim_rp2040.S.o
LOAD CMakeFiles/macropad.dir/Users/aryachakrabarti/Desktop/pico-sdk/src/rp2_common/pico_int64_ops/pico_int64_ops_aeabi.S.o
LOAD CMakeFiles/macropad.dir/Users/aryachakrabarti/Desktop/pico-sdk/src/rp2_common/pico_float/float_aeabi_rp2040.S.o
LOAD CMakeFiles/macropad.dir/Users/aryachakrabarti/Desktop/pico-sdk/src/rp2_common/pico_float/float_init_rom_rp2040.c.o
LOAD CMakeFiles/macropad.dir/Users/aryachakrabarti/Desktop/pico-sdk/src/rp2_common/pico_float/float_math.c.o
LOAD CMakeFiles/macropad.dir/Users/aryachakrabarti/Desktop/pico-sdk/src/rp2_common/pico_float/float_v1_rom_shim_rp2040.S.o
LOAD CMakeFiles/macropad.dir/Users/aryachakrabarti/Desktop/pico-sdk/src/rp2_common/pico_malloc/malloc.c.o
LOAD CMakeFiles/macropad.dir/Users/aryachakrabarti/Desktop/pico-sdk/src/rp2_common/pico_mem_ops/mem_ops_aeabi.S.o
LOAD CMakeFiles/macropad.dir/Users/aryachakrabarti/Desktop/pico-sdk/src/rp2_common/pico_atomic/atomic.c.o
LOAD CMakeFiles/macropad.dir/Users/aryachakrabarti/Desktop/pico-sdk/src/rp2_common/pico_cxx_options/new_delete.cpp.o
LOAD CMakeFiles/macropad.dir/Users/aryachakrabarti/Desktop/pico-sdk/src/rp2_common/pico_standard_binary_info/standard_binary_info.c.o
LOAD CMakeFiles/macropad.dir/Users/aryachakrabarti/Desktop/pico-sdk/src/rp2_common/pico_printf/printf.c.o
LOAD CMakeFiles/macropad.dir/Users/aryachakrabarti/Desktop/pico-sdk/src/rp2_common/pico_crt0/crt0.S.o
LOAD CMakeFiles/macropad.dir/Users/aryachakrabarti/Desktop/pico-sdk/src/rp2_common/pico_clib_interface/newlib_interface.c.o
LOAD CMakeFiles/macropad.dir/Users/aryachakrabarti/Desktop/pico-sdk/src/rp2_common/pico_stdio/stdio.c.o
LOAD CMakeFiles/macropad.dir/Users/aryachakrabarti/Desktop/pico-sdk/lib/tinyusb/src/portable/raspberrypi/rp2040/dcd_rp2040.c.o
LOAD CMakeFiles/macropad.dir/Users/aryachakrabarti/Desktop/pico-sdk/lib/tinyusb/src/portable/raspberrypi/rp2040/rp2040_usb.c.o
LOAD CMakeFiles/macropad.dir/Users/aryachakrabarti/Desktop/pico-sdk/lib/tinyusb/src/device/usbd.c.o
LOAD CMakeFiles/macropad.dir/Users/aryachakrabarti/Desktop/pico-sdk/lib/tinyusb/src/device/usbd_control.c.o
LOAD CMakeFiles/macropad.dir/Users/aryachakrabarti/Desktop/pico-sdk/lib/tinyusb/src/class/audio/audio_device.c.o
LOAD CMakeFiles/macropad.dir/Users/aryachakrabarti/Desktop/pico-sdk/lib/tinyusb/src/class/cdc/cdc_device.c.o
LOAD CMakeFiles/macropad.dir/Users/aryachakrabarti/Desktop/pico-sdk/lib/tinyusb/src/class/dfu/dfu_device.c.o
LOAD CMakeFiles/macropad.dir/Users/aryachakrabarti/Desktop/pico-sdk/lib/tinyusb/src/class/dfu/dfu_rt_device.c.o
LOAD CMakeFiles/macropad.dir/Users/aryachakrabarti/Desktop/pico-sdk/lib/tinyusb/src/class/hid/hid_device.c.o
LOAD CMakeFiles/macropad.dir/Users/aryachakrabarti/Desktop/pico-sdk/lib/tinyusb/src/class/midi/midi_device.c.o
LOAD CMakeFiles/macropad.dir/Users/aryachakrabarti/Desktop/pico-sdk/lib/tinyusb/src/class/msc/msc_device.c.o
LOAD CMakeFiles/macropad.dir/Users/aryachakrabarti/Desktop/pico-sdk/lib/tinyusb/src/class/net/ecm_rndis_device.c.o
LOAD CMakeFiles/macropad.dir/Users/aryachakrabarti/Desktop/pico-sdk/lib/tinyusb/src/class/net/ncm_device.c.o
LOAD CMakeFiles/macropad.dir/Users/aryachakrabarti/Desktop/pico-sdk/lib/tinyusb/src/class/usbtmc/usbtmc_device.c.o
LOAD CMakeFiles/macropad.dir/Users/aryachakrabarti/Desktop/pico-sdk/lib/tinyusb/src/class/vendor/vendor_device.c.o
LOAD CMakeFiles/macropad.dir/Users/aryachakrabarti/Desktop/pico-sdk/lib/tinyusb/src/class/video/video_device.c.o
LOAD CMakeFiles/macropad.dir/Users/aryachakrabarti/Desktop/pico-sdk/lib/tinyusb/src/tusb.c.o
LOAD CMakeFiles/macropad.dir/Users/aryachakrabarti/Desktop/pico-sdk/lib/tinyusb/src/common/tusb_fifo.c.o
LOAD CMakeFiles/macropad.dir/Users/aryachakrabarti/Desktop/pico-sdk/src/rp2_common/pico_fix/rp2040_usb_device_enumeration/rp2040_usb_device_enumeration.c.o
LOAD pico-sdk/src/rp2040/boot_stage2/CMakeFiles/bs2_default_library.dir/bs2_default_padded_checksummed.S.o
LOAD /Applications/ARM/bin/../lib/gcc/arm-none-eabi/13.2.1/../../../../arm-none-eabi/lib/thumb/v6-m/nofp/libstdc++.a
LOAD /Applications/ARM/bin/../lib/gcc/arm-none-eabi/13.2.1/../../../../arm-none-eabi/lib/thumb/v6-m/nofp/libm.a
START GROUP
LOAD /Applications/ARM/bin/../lib/gcc/arm-none-eabi/13.2.1/thumb/v6-m/nofp/libgcc.a
LOAD /Applications/ARM/bin/../lib/gcc/arm-none-eabi/13.2.1/../../../../arm-none-eabi/lib/thumb/v6-m/nofp/libg.a
LOAD /Applications/ARM/bin/../lib/gcc/arm-none-eabi/13.2.1/../../../../arm-none-eabi/lib/thumb/v6-m/nofp/libc.a
END GROUP
START GROUP
LOAD /Applications/ARM/bin/../lib/gcc/arm-none-eabi/13.2.1/thumb/v6-m/nofp/libgcc.a
LOAD /Applications/ARM/bin/../lib/gcc/arm-none-eabi/13.2.1/../../../../arm-none-eabi/lib/thumb/v6-m/nofp/libc.a
LOAD /Applications/ARM/bin/../lib/gcc/arm-none-eabi/13.2.1/../../../../arm-none-eabi/lib/thumb/v6-m/nofp/libnosys.a
END GROUP
LOAD /Applications/ARM/bin/../lib/gcc/arm-none-eabi/13.2.1/thumb/v6-m/nofp/crtend.o
LOAD /Applications/ARM/bin/../lib/gcc/arm-none-eabi/13.2.1/thumb/v6-m/nofp/crtn.o
OUTPUT(macropad.elf elf32-littlearm)
LOAD linker stubs

.ARM.attributes
                0x00000000       0x28
 .ARM.attributes
                0x00000000       0x1e /Applications/ARM/bin/../lib/gcc/arm-none-eabi/13.2.1/thumb/v6-m/nofp/crti.o
 .ARM.attributes
                0x0000001e       0x2c /Applications/ARM/bin/../lib/gcc/arm-none-eabi/13.2.1/thumb/v6-m/nofp/crtbegin.o
 .ARM.attributes
                0x0000004a       0x2c CMakeFiles/macropad.dir/src/main.c.o
 .ARM.attributes
                0x00000076       0x2c CMakeFiles/macropad.dir/src/matrix.c.o
 .ARM.attributes
                0x000000a2       0x2c CMakeFiles/macropad.dir/src/encoder.c.o
 .ARM.attributes
                0x000000ce       0x2c CMakeFiles/macropad.dir/src/oled.c.o
 .ARM.attributes
                0x000000fa       0x2c CMakeFiles/macropad.dir/src/usb_hid.c.o
 .ARM.attributes
                0x00000126       0x2c CMakeFiles/macropad.dir/src/usb_descriptors.c.o
 .ARM.attributes
                0x00000152       0x2c CMakeFiles/macropad.dir/Users/aryachakrabarti/Desktop/pico-sdk/src/rp2_common/hardware_gpio/gpio.c.o
 .ARM.attributes
                0x0000017e       0x2c CMakeFiles/macropad.dir/Users/aryachakrabarti/Desktop/pico-sdk/src/rp2040/pico_platform/platform.c.o
 .ARM.attributes
                0x000001aa       0x2c CMakeFiles/macropad.dir/Users/aryachakrabarti/Desktop/pico-sdk/src/rp2_common/pico_platform_panic/panic.c.o
 .ARM.attributes
                0x000001d6       0x2c CMakeFiles/macropad.dir/Users/aryachakrabarti/Desktop/pico-sdk/src/common/hardware_claim/claim.c.o
 .ARM.attributes
                0x00000202       0x2c CMakeFiles/macropad.dir/Users/aryachakrabarti/Desktop/pico-sdk/src/rp2_common/hardware_sync/sync.c.o
 .ARM.attributes
                0x0000022e       0x2c CMakeFiles/macropad.dir/Users/aryachakrabarti/Desktop/pico-sdk/src/rp2_common/hardware_sync_spin_lock/sync_spin_lock.c.o
 .ARM.attributes
                0x0000025a       0x2c CMakeFiles/macropad.dir/Users/aryachakrabarti/Desktop/pico-sdk/src/rp2_common/hardware_irq/irq.c.o
 .ARM.attributes
                0x00000286       0x22 CMakeFiles/macropad.dir/Users/aryachakrabarti/Desktop/pico-sdk/src/rp2_common/hardware_irq/irq_handler_chain.S.o
 .ARM.attributes
                0x000002a8       0x2c CMakeFiles/macropad.dir/Users/aryachakrabarti/Desktop/pico-sdk/src/common/pico_sync/lock_core.c.o
 .ARM.attributes
                0x000002d4       0x2c CMakeFiles/macropad.dir/Users/aryachakrabarti/Desktop/pico-sdk/src/common/pico_sync/mutex.c.o
 .ARM.attributes
                0x00000300       0x2c CMakeFiles/macropad.dir/Users/aryachakrabarti/Desktop/pico-sdk/src/common/pico_sync/critical_section.c.o
 .ARM.attributes
                0x0000032c       0x2c CMakeFiles/macropad.dir/Users/aryachakrabarti/Desktop/pico-sdk/src/common/pico_time/time.c.o
 .ARM.attributes
                0x00000358       0x2c CMakeFiles/macropad.dir/Users/aryachakrabarti/Desktop/pico-sdk/src/rp2_common/hardware_timer/timer.c.o
 .ARM.attributes
                0x00000384       0x2c CMakeFiles/macropad.dir/Users/aryachakrabarti/Desktop/pico-sdk/src/rp2_common/hardware_clocks/clocks.c.o
 .ARM.attributes
                0x000003b0       0x2c CMakeFiles/macropad.dir/Users/aryachakrabarti/Desktop/pico-sdk/src/rp2_common/hardware_pll/pll.c.o
 .ARM.attributes
                0x000003dc       0x2c CMakeFiles/macropad.dir/Users/aryachakrabarti/Desktop/pico-sdk/src/rp2_common/hardware_ticks/ticks.c.o
 .ARM.attributes
                0x00000408       0x2c CMakeFiles/macropad.dir/Users/aryachakrabarti/Desktop/pico-sdk/src/rp2_common/pico_bootrom/bootrom.c.o
 .ARM.attributes
                0x00000434       0x2c CMakeFiles/macropad.dir/Users/aryachakrabarti/Desktop/pico-sdk/src/rp2_common/hardware_xosc/xosc.c.o
 .ARM.attributes
                0x00000460       0x2c CMakeFiles/macropad.dir/Users/aryachakrabarti/Desktop/pico-sdk/src/rp2_common/pico_runtime/runtime.c.o
 .ARM.attributes
                0x0000048c       0x2c CMakeFiles/macropad.dir/Users/aryachakrabarti/Desktop/pico-sdk/src/rp2_common/pico_runtime_init/runtime_init.c.o
 .ARM.attributes
                0x000004b8       0x2c CMakeFiles/macropad.dir/Users/aryachakrabarti/Desktop/pico-sdk/src/rp2_common/pico_runtime_init/runtime_init_clocks.c.o
 .ARM.attributes
                0x000004e4       0x22 CMakeFiles/macropad.dir/Users/aryachakrabarti/Desktop/pico-sdk/src/rp2_common/pico_bit_ops/bit_ops_aeabi.S.o
 .ARM.attributes
                0x00000506       0x22 CMakeFiles/macropad.dir/Users/aryachakrabarti/Desktop/pico-sdk/src/rp2_common/pico_divider/divider_hardware.S.o
 .ARM.attributes
                0x00000528       0x22 CMakeFiles/macropad.dir/Users/aryachakrabarti/Desktop/pico-sdk/src/rp2_common/pico_double/double_aeabi_rp2040.S.o
 .ARM.attributes
                0x0000054a       0x2c CMakeFiles/macropad.dir/Users/aryachakrabarti/Desktop/pico-sdk/src/rp2_common/pico_double/double_init_rom_rp2040.c.o
 .ARM.attributes
                0x00000576       0x22 CMakeFiles/macropad.dir/Users/aryachakrabarti/Desktop/pico-sdk/src/rp2_common/pico_double/double_v1_rom_shim_rp2040.S.o
 .ARM.attributes
                0x00000598       0x22 CMakeFiles/macropad.dir/Users/aryachakrabarti/Desktop/pico-sdk/src/rp2_common/pico_int64_ops/pico_int64_ops_aeabi.S.o
 .ARM.attributes
                0x000005ba       0x22 CMakeFiles/macropad.dir/Users/aryachakrabarti/Desktop/pico-sdk/src/rp2_common/pico_float/float_aeabi_rp2040.S.o
 .ARM.attributes
                0x000005dc       0x2c CMakeFiles/macropad.dir/Users/aryachakrabarti/Desktop/pico-sdk/src/rp2_common/pico_float/float_init_rom_rp2040.c.o
 .ARM.attributes
                0x00000608       0x22 CMakeFiles/macropad.dir/Users/aryachakrabarti/Desktop/pico-sdk/src/rp2_common/pico_float/float_v1_rom_shim_rp2040.S.o
 .ARM.attributes
                0x0000062a       0x22 CMakeFiles/macropad.dir/Users/aryachakrabarti/Desktop/pico-sdk/src/rp2_common/pico_mem_ops/mem_ops_aeabi.S.o
 .ARM.attributes
                0x0000064c       0x2c CMakeFiles/macropad.dir/Users/aryachakrabarti/Desktop/pico-sdk/src/rp2_common/pico_standard_binary_info/standard_binary_info.c.o
 .ARM.attributes
                0x00000678       0x2c CMakeFiles/macropad.dir/Users/aryachakrabarti/Desktop/pico-sdk/src/rp2_common/pico_printf/printf.c.o
 .ARM.attributes
                0x000006a4       0x22 CMakeFiles/macropad.dir/Users/aryachakrabarti/Desktop/pico-sdk/src/rp2_common/pico_crt0/crt0.S.o
 .ARM.attributes
                0x000006c6       0x2c CMakeFiles/macropad.dir/Users/aryachakrabarti/Desktop/pico-sdk/src/rp2_common/pico_clib_interface/newlib_interface.c.o
 .ARM.attributes
                0x000006f2       0x2c CMakeFiles/macropad.dir/Users/aryachakrabarti/Desktop/pico-sdk/src/rp2_common/pico_stdio/stdio.c.o
 .ARM.attributes
                0x0000071e       0x2c CMakeFiles/macropad.dir/Users/aryachakrabarti/Desktop/pico-sdk/lib/tinyusb/src/portable/raspberrypi/rp2040/dcd_rp2040.c.o
 .ARM.attributes
                0x0000074a       0x2c CMakeFiles/macropad.dir/Users/aryachakrabarti/Desktop/pico-sdk/lib/tinyusb/src/portable/raspberrypi/rp2040/rp2040_usb.c.o
 .ARM.attributes
                0x00000776       0x2c CMakeFiles/macropad.dir/Users/aryachakrabarti/Desktop/pico-sdk/lib/tinyusb/src/device/usbd.c.o
 .ARM.attributes
                0x000007a2       0x2c CMakeFiles/macropad.dir/Users/aryachakrabarti/Desktop/pico-sdk/lib/tinyusb/src/device/usbd_control.c.o
 .ARM.attributes
                0x000007ce       0x2c CMakeFiles/macropad.dir/Users/aryachakrabarti/Desktop/pico-sdk/lib/tinyusb/src/class/hid/hid_device.c.o
 .ARM.attributes
                0x000007fa       0x2c CMakeFiles/macropad.dir/Users/aryachakrabarti/Desktop/pico-sdk/lib/tinyusb/src/tusb.c.o
 .ARM.attributes
                0x00000826       0x2c CMakeFiles/macropad.dir/Users/aryachakrabarti/Desktop/pico-sdk/lib/tinyusb/src/common/tusb_fifo.c.o
 .ARM.attributes
                0x00000852       0x22 pico-sdk/src/rp2040/boot_stage2/CMakeFiles/bs2_default_library.dir/bs2_default_padded_checksummed.S.o
 .ARM.attributes
                0x00000874       0x1e /Applications/ARM/bin/../lib/gcc/arm-none-eabi/13.2.1/thumb/v6-m/nofp/libgcc.a(_dvmd_tls.o)
 .ARM.attributes
                0x00000892       0x2c /Applications/ARM/bin/../lib/gcc/arm-none-eabi/13.2.1/../../../../arm-none-eabi/lib/thumb/v6-m/nofp/libg.a(libc_a-strlen-stub.o)
 .ARM.attributes
                0x000008be       0x2c /Applications/ARM/bin/../lib/gcc/arm-none-eabi/13.2.1/thumb/v6-m/nofp/crtend.o

.comment        0x00000000       0x44
 .comment       0x00000000       0x44 CMakeFiles/macropad.dir/src/main.c.o
                                 0x45 (size before relaxing)
 .comment       0x00000044       0x45 CMakeFiles/macropad.dir/src/matrix.c.o
 .comment       0x00000044       0x45 CMakeFiles/macropad.dir/src/encoder.c.o
 .comment       0x00000044       0x45 CMakeFiles/macropad.dir/src/oled.c.o
 .comment       0x00000044       0x45 CMakeFiles/macropad.dir/src/usb_hid.c.o
 .comment       0x00000044       0x45 CMakeFiles/macropad.dir/src/usb_descriptors.c.o
 .comment       0x00000044       0x45 CMakeFiles/macropad.dir/Users/aryachakrabarti/Desktop/pico-sdk/src/rp2_common/hardware_gpio/gpio.c.o
 .comment       0x00000044       0x45 CMakeFiles/macropad.dir/Users/aryachakrabarti/Desktop/pico-sdk/src/rp2040/pico_platform/platform.c.o
 .comment       0x00000044       0x45 CMakeFiles/macropad.dir/Users/aryachakrabarti/Desktop/pico-sdk/src/rp2_common/pico_platform_panic/panic.c.o
 .comment       0x00000044       0x45 CMakeFiles/macropad.dir/Users/aryachakrabarti/Desktop/pico-sdk/src/common/hardware_claim/claim.c.o
 .comment       0x00000044       0x45 CMakeFiles/macropad.dir/Users/aryachakrabarti/Desktop/pico-sdk/src/rp2_common/hardware_sync/sync.c.o
 .comment       0x00000044       0x45 CMakeFiles/macropad.dir/Users/aryachakrabarti/Desktop/pico-sdk/src/rp2_common/hardware_sync_spin_lock/sync_spin_lock.c.o
 .comment       0x00000044       0x45 CMakeFiles/macropad.dir/Users/aryachakrabarti/Desktop/pico-sdk/src/rp2_common/hardware_irq/irq.c.o
 .comment       0x00000044       0x45 CMakeFiles/macropad.dir/Users/aryachakrabarti/Desktop/pico-sdk/src/common/pico_sync/lock_core.c.o
 .comment       0x00000044       0x45 CMakeFiles/macropad.dir/Users/aryachakrabarti/Desktop/pico-sdk/src/common/pico_sync/mutex.c.o
 .comment       0x00000044       0x45 CMakeFiles/macropad.dir/Users/aryachakrabarti/Desktop/pico-sdk/src/common/pico_sync/critical_section.c.o
 .comment       0x00000044       0x45 CMakeFiles/macropad.dir/Users/aryachakrabarti/Desktop/pico-sdk/src/common/pico_time/time.c.o
 .comment       0x00000044       0x45 CMakeFiles/macropad.dir/Users/aryachakrabarti/Desktop/pico-sdk/src/rp2_common/hardware_timer/timer.c.o
 .comment       0x00000044       0x45 CMakeFiles/macropad.dir/Users/aryachakrabarti/Desktop/pico-sdk/src/rp2_common/hardware_clocks/clocks.c.o
 .comment       0x00000044       0x45 CMakeFiles/macropad.dir/Users/aryachakrabarti/Desktop/pico-sdk/src/rp2_common/hardware_pll/pll.c.o
 .comment       0x00000044       0x45 CMakeFiles/macropad.dir/Users/aryachakrabarti/Desktop/pico-sdk/src/rp2_common/hardware_ticks/ticks.c.o
 .comment       0x00000044       0x45 CMakeFiles/macropad.dir/Users/aryachakrabarti/Desktop/pico-sdk/src/rp2_common/pico_bootrom/bootrom.c.o
 .comment       0x00000044       0x45 CMakeFiles/macropad.dir/Users/aryachakrabarti/Desktop/pico-sdk/src/rp2_common/hardware_xosc/xosc.c.o
 .comment       0x00000044       0x45 CMakeFiles/macropad.dir/Users/aryachakrabarti/Desktop/pico-sdk/src/rp2_common/pico_runtime/runtime.c.o
 .comment       0x00000044       0x45 CMakeFiles/macropad.dir/Users/aryachakrabarti/Desktop/pico-sdk/src/rp2_common/pico_runtime_init/runtime_init.c.o
 .comment       0x00000044       0x45 CMakeFiles/macropad.dir/Users/aryachakrabarti/Desktop/pico-sdk/src/rp2_common/pico_runtime_init/runtime_init_clocks.c.o
 .comment       0x00000044       0x45 CMakeFiles/macropad.dir/Users/aryachakrabarti/Desktop/pico-sdk/src/rp2_common/pico_double/double_init_rom_rp2040.c.o
 .comment       0x00000044       0x45 CMakeFiles/macropad.dir/Users/aryachakrabarti/Desktop/pico-sdk/src/rp2_common/pico_float/float_init_rom_rp2040.c.o
 .comment       0x00000044       0x45 CMakeFiles/macropad.dir/Users/aryachakrabarti/Desktop/pico-sdk/src/rp2_common/pico_standard_binary_info/standard_binary_info.c.o
 .comment       0x00000044       0x45 CMakeFiles/macropad.dir/Users/aryachakrabarti/Desktop/pico-sdk/src/rp2_common/pico_printf/printf.c.o
 .comment       0x00000044       0x45 CMakeFiles/macropad.dir/Users/aryachakrabarti/Desktop/pico-sdk/src/rp2_common/pico_clib_interface/newlib_interface.c.o
 .comment       0x00000044       0x45 CMakeFiles/macropad.dir/Users/aryachakrabarti/Desktop/pico-sdk/src/rp2_common/pico_stdio/stdio.c.o
 .comment       0x00000044       0x45 CMakeFiles/macropad.dir/Users/aryachakrabarti/Desktop/pico-sdk/lib/tinyusb/src/portable/raspberrypi/rp2040/dcd_rp2040.c.o
 .comment       0x00000044       0x45 CMakeFiles/macropad.dir/Users/aryachakrabarti/Desktop/pico-sdk/lib/tinyusb/src/portable/raspberrypi/rp2040/rp2040_usb.c.o
 .comment       0x00000044       0x45 CMakeFiles/macropad.dir/Users/aryachakrabarti/Desktop/pico-sdk/lib/tinyusb/src/device/usbd.c.o
 .comment       0x00000044       0x45 CMakeFiles/macropad.dir/Users/aryachakrabarti/Desktop/pico-sdk/lib/tinyusb/src/device/usbd_control.c.o